#
# A fatal error has been detected by the Java Runtime Environment:
#
#  EXCEPTION_ACCESS_VIOLATION (0xc0000005) at pc=0x00007ff9a708fa7d, pid=3712, tid=8220
#
# JRE version: OpenJDK Runtime Environment Temurin-26.0.1+8 (26.0.1+8) (build 26.0.1+8)
# Java VM: OpenJDK 64-Bit Server VM Temurin-26.0.1+8 (26.0.1+8, mixed mode, sharing, tiered, compressed oops, compressed class ptrs, g1 gc, windows-amd64)
# Problematic frame:
# C  [ntdll.dll+0xfa7d]
#
# No core dump will be written. Minidumps are not enabled by default on client versions of Windows
#
# If you would like to submit a bug report, please visit:
#   https://github.com/adoptium/adoptium-support/issues
# The crash happened outside the Java Virtual Machine in native code.
# See problematic frame for where to report the bug.
#

---------------  S U M M A R Y ------------

Command Line: -Dfile.encoding=UTF-8 --enable-native-access=ALL-UNNAMED --module-path=C:\Users\driog\Desktop\HoraDoRush\build\classes br.com.HoraDoRush.engine.Main

Host: Intel(R) Core(TM) i5-10400F CPU @ 2.90GHz, 12 cores, 15G,  Windows 11 , 64 bit Build 26100 (10.0.26100.9444)
Time: Wed Sep 23 09:17:51 2026 E. South America Standard Time elapsed time: 2.944141 seconds (0d 0h 0m 2s)

---------------  T H R E A D  ---------------

Current thread (0x0000016577c8a110):  JavaThread "Thread-0"         [_thread_in_native, id=8220, stack(0x0000002228870000,0x0000002228970000) (1024K)]

Stack: [0x0000002228870000,0x0000002228970000],  sp=0x000000222896ef40,  free space=1019k
Native frames: (J=compiled Java code, j=interpreted, Vv=VM code, C=native code)
C  [ntdll.dll+0xfa7d]  (no source info available)
C  [ntdll.dll+0x1166f]  (no source info available)
C  [ntdll.dll+0x128e2]  (no source info available)
C  [sdl2gdx64.dll+0x858ef]  (no source info available)
C  [sdl2gdx64.dll+0x26691]  (no source info available)
C  0x000001655e584bff  (no source info available)

The last pc belongs to native nmethod (printed below).
Java frames: (J=compiled Java code, j=interpreted, Vv=VM code)
J 1838  org.libsdl.SDL.SDL_GameControllerUpdate()V (0 bytes) @ 0x000001655e584bc6 [0x000001655e584b80+0x0000000000000046]
j  org.libsdl.SDL_GameController.GameControllerUpdate()V+0
j  br.com.davidbuzatto.jsge.core.engine.EngineFrame$GamepadInputManager.acquireAllGamepadData()V+0
j  br.com.davidbuzatto.jsge.core.engine.EngineFrame$GamepadInputManager.prepareToNextCycle()V+55
j  br.com.davidbuzatto.jsge.core.engine.EngineFrame.lambda$start$0()V+18
j  br.com.davidbuzatto.jsge.core.engine.EngineFrame$$Lambda+0x000000008a04e3f8.run()V+4
j  java.lang.Thread.runWith(Ljava/lang/Object;Ljava/lang/Runnable;)V+5 java.base@26.0.1
j  java.lang.Thread.run()V+19 java.base@26.0.1
v  ~StubRoutines::Stub Generator call_stub_stub 0x000001655df518e2

siginfo: EXCEPTION_ACCESS_VIOLATION (0xc0000005), writing address 0x0000000000000024


Registers:
RAX=0x0000000000000000, RBX=0x00000022264cb000, RCX=0x00000165787e9710, RDX=0x00000000fffffffe
RSP=0x000000222896ef40, RBP=0x000000222896efd9, RSI=0x00000000fffffffe, RDI=0x00000165787e9710
R8 =0x0000000000000000, R9 =0x00000165787e9718, R10=0x0000000000000001, R11=0x0000000000000003
R12=0x0000000000000000, R13=0x0000000000000000, R14=0x0000000000000000, R15=0x000000007ffe036a
RIP=0x00007ff9a708fa7d, EFLAGS=0x0000000000010213

XMM[0]=0x0000000000000000 0x0000000000000000
XMM[1]=0x0000000000000000 0x0000000000000000
XMM[2]=0x0000000000000000 0x0000000000000000
XMM[3]=0x0000000000000000 0x0000000000000000
XMM[4]=0x0000000000000000 0x0000000000000000
XMM[5]=0x0000000000000000 0x0000000000000000
XMM[6]=0x0000000000000000 0x0000000000000000
XMM[7]=0x0000000000000000 0x0000000000000000
XMM[8]=0x0000000000000000 0x0000000000000000
XMM[9]=0x0000000000000000 0x0000000000000000
XMM[10]=0x0000000000000000 0x0000000000000000
XMM[11]=0x0000000000000000 0x0000000000000000
XMM[12]=0x0000000000000000 0x0000000000000000
XMM[13]=0x0000000000000000 0x0000000000000000
XMM[14]=0x0000000000000000 0x0000000000000000
XMM[15]=0x0000000000000000 0x0000000000000000
  MXCSR=0x00001fa0


Register to memory mapping:

RAX=0x0 is null
RBX=0x00000022264cb000 points into unknown readable memory: 0x0000000000000000 | 00 00 00 00 00 00 00 00
RCX=0x00000165787e9710 points into unknown readable memory: 0x0000000000000000 | 00 00 00 00 00 00 00 00
RDX=0x00000000fffffffe is an unknown value
RSP=0x000000222896ef40 is pointing into the stack for thread: 0x0000016577c8a110
RBP=0x000000222896efd9 is pointing into the stack for thread: 0x0000016577c8a110
RSI=0x00000000fffffffe is an unknown value
RDI=0x00000165787e9710 points into unknown readable memory: 0x0000000000000000 | 00 00 00 00 00 00 00 00
R8 =0x0 is null
R9 =0x00000165787e9718 points into unknown readable memory: 0x00000000fffffffe | fe ff ff ff 00 00 00 00
R10=0x0000000000000001 is an unknown value
R11=0x0000000000000003 is an unknown value
R12=0x0 is null
R13=0x0 is null
R14=0x0 is null
R15=0x000000007ffe036a points into unknown readable memory: 0c 00 00 01 00 00

Top of Stack: (sp=0x000000222896ef40)
0x000000222896ef40:   ffffffffffffffff 00000022264cb000   ..........L&"...
0x000000222896ef50:   0000016500000002 000001657785aa20   ....e... ..we...
0x000000222896ef60:   0000000000000000 0000000000000000   ................
0x000000222896ef70:   0000000000000000 0000000000000000   ................
0x000000222896ef80:   0000000001200a00 0000016500000000   .. .........e...
0x000000222896ef90:   000000222645e3a0 00000165787e9718   ..E&".....~xe...
0x000000222896efa0:   000000000000201c 0000000000000000   . ..............
0x000000222896efb0:   0000000000000000 000000222896ef98   ...........("...
0x000000222896efc0:   0000000000000002 00000022264cb000   ..........L&"...
0x000000222896efd0:   00007ff9a47d98b0 0000000000000002   ..}.............
0x000000222896efe0:   0000000000000008 00007ff9a46a50d9   .........Pj.....
0x000000222896eff0:   0000016577d72a70 000000222896f200   p*.we......("...
0x000000222896f000:   0000000000000000 0000b617fd4f10b6   ..........O.....
0x000000222896f010:   000000007ffe036a 00000165787e9710   j.........~xe...
0x000000222896f020:   000000222896f230 00000000ff000000   0..("...........
0x000000222896f030:   000000222896f201 00007ff9a709166f   ...("...o.......
0x000000222896f040:   0000000000000000 0000000000004e00   .........N......
0x000000222896f050:   0000000000000001 00000000000007d0   ................
0x000000222896f060:   0000000010000000 0000000000000000   ................
0x000000222896f070:   0000016500000002 0000016577c8a110   ....e......we...
0x000000222896f080:   000000222896f230 0000000000000002   0..("...........
0x000000222896f090:   000000222896f220 000000222896f210    ..("......("...
0x000000222896f0a0:   0000000000000000 00000165787e9710   ..........~xe...
0x000000222896f0b0:   000001654b4d0c40 00007ff9a70928e2   @.MKe....(......
0x000000222896f0c0:   00000165787e9710 000001654b4d0c00   ..~xe.....MKe...
0x000000222896f0d0:   0000016578246600 0000000000000000   .f$xe...........
0x000000222896f0e0:   000001657785aa20 00007ff912628f4f    ..we...O.b.....
0x000000222896f0f0:   0000000000000000 000000006f6658ef   .........Xfo....
0x000000222896f100:   000001656f7002e8 000001657785aa20   ..poe... ..we...
0x000000222896f110:   000002bc9756b340 00007ff9122f873e   @.V.....>./.....
0x000000222896f120:   000001656f7002e8 000000006f606691   ..poe....f`o....
0x000000222896f130:   0000016577c8a110 0000016577c8a110   ...we......we...

Instructions: (pc=0x00007ff9a708fa7d)
  0x00007ff9a708f97d:   18 48 89 4c 24 28 33 c9 48 89 7c 24 20 e8 31 72
  0x00007ff9a708f98d:   00 00 e9 c4 fe ff ff 45 33 c0 48 8b d7 48 8b ce
  0x00007ff9a708f99d:   eb 03 41 b0 01 e8 79 42 15 00 8b d8 e9 24 ff ff
  0x00007ff9a708f9ad:   ff cc cc cc cc cc cc cc cc cc cc cc cc cc cc cc
  0x00007ff9a708f9bd:   cc cc cc 48 89 5c 24 10 48 89 74 24 18 48 89 7c
  0x00007ff9a708f9cd:   24 20 55 41 54 41 55 41 56 41 57 48 8d 6c 24 c9
  0x00007ff9a708f9dd:   48 81 ec d0 00 00 00 48 8b 05 bd ab 1d 00 48 33
  0x00007ff9a708f9ed:   c4 48 89 45 2f 65 48 8b 1c 25 30 00 00 00 48 8d
  0x00007ff9a708f9fd:   05 96 ce 1b 00 45 33 f6 c6 45 a7 00 48 89 5d ef
  0x00007ff9a708fa0d:   8b f2 44 89 75 ab 48 8b f9 48 3b c8 75 0e c6 45
  0x00007ff9a708fa1d:   a7 01 c7 83 60 17 00 00 01 00 00 00 44 38 35 98
  0x00007ff9a708fa2d:   2e 1c 00 0f 85 e6 05 00 00 44 39 35 2b 2e 1c 00
  0x00007ff9a708fa3d:   0f 85 a7 05 00 00 44 38 35 de 2c 1c 00 4c 8d 2d
  0x00007ff9a708fa4d:   df 2c 1c 00 4d 0f 45 ee 4c 39 77 18 75 08 48 8b
  0x00007ff9a708fa5d:   cf e8 2d 06 00 00 48 83 3f ff 0f 84 57 02 00 00
  0x00007ff9a708fa6d:   48 8b 07 45 8b e6 44 89 75 af 48 83 f8 ff 74 03
=>0x00007ff9a708fa7d:   ff 40 24 4c 8b 7f 18 48 8d 5f 10 4c 8b f3 e8 30
  0x00007ff9a708fa8d:   95 02 00 85 c0 0f 85 10 02 00 00 b9 82 03 fe 7f
  0x00007ff9a708fa9d:   4c 8b f3 80 39 00 0f 85 1a 04 00 00 49 83 ff ff
  0x00007ff9a708faad:   0f 85 38 01 00 00 4c 8d 67 08 45 33 d2 4c 89 55
  0x00007ff9a708fabd:   c7 48 c7 45 e7 01 00 00 00 4c 89 65 bf 4c 89 55
  0x00007ff9a708facd:   d7 4c 89 55 cf 4c 89 55 df 65 48 8b 0c 25 30 00
  0x00007ff9a708fadd:   00 00 48 8b 41 48 48 89 45 c7 49 8b c4 4c 8b 41
  0x00007ff9a708faed:   60 49 81 c0 a0 03 00 00 48 c1 e8 05 83 e0 7f 4c
  0x00007ff9a708fafd:   89 45 b7 49 8b 0c c0 4d 8d 0c c0 48 8d 45 bf 48
  0x00007ff9a708fb0d:   8b d9 48 33 d8 48 8b d1 48 83 e3 fc 48 8d 45 bf
  0x00007ff9a708fb1d:   48 33 d9 48 83 e2 fc 48 85 d2 48 89 55 cf 49 0f
  0x00007ff9a708fb2d:   45 c2 48 89 45 df 48 8b c3 48 83 c8 02 48 85 d2
  0x00007ff9a708fb3d:   48 0f 45 d8 48 8b c1 f0 49 0f b1 19 0f 85 f9 01
  0x00007ff9a708fb4d:   00 00 32 d9 f6 c3 02 74 72 49 8b 01 48 8b c8 48
  0x00007ff9a708fb5d:   83 e1 fc 48 8b d9 48 83 79 20 00 0f 84 22 01 00
  0x00007ff9a708fb6d:   00 48 8b 53 20 48 89 51 20 48 8b d0 83 e2 01 49


Stack slot to memory mapping:

stack at sp + 0 slots: 0xffffffffffffffff is an unknown value
stack at sp + 1 slots: 0x00000022264cb000 points into unknown readable memory: 0x0000000000000000 | 00 00 00 00 00 00 00 00
stack at sp + 2 slots: 0x0000016500000002 is an unknown value
stack at sp + 3 slots: 0x000001657785aa20 points into unknown readable memory: 0x00007ff912a7a9f0 | f0 a9 a7 12 f9 7f 00 00
stack at sp + 4 slots: 0x0 is null
stack at sp + 5 slots: 0x0 is null
stack at sp + 6 slots: 0x0 is null
stack at sp + 7 slots: 0x0 is null

Lock stack of current Java thread (top to bottom):


Compiled method (n/a) 3059 1838     n 0       org.libsdl.SDL::SDL_GameControllerUpdate (native)
 total in heap  [0x000001655e584a88,0x000001655e584cf0] = 616
 main code      [0x000001655e584b80,0x000001655e584ce2] = 354
 stub code      [0x000001655e584ce2,0x000001655e584ce8] = 6
 oops           [0x000001655e584ce8,0x000001655e584cf0] = 8
 mutable data [0x0000016542cbb5e0,0x0000016542cbb600] = 32
 relocation     [0x0000016542cbb5e0,0x0000016542cbb600] = 32

[Constant Pool (empty)]


Loading hsdis library failed, undisassembled code is shown in MachCode section
[MachCode]
[Entry Point]
  # {method} {0x000001656f7002f0} 'SDL_GameControllerUpdate' '()V' in 'org/libsdl/SDL'
  #           [sp+0x70]  (sp of caller)
  0x000001655e584b80: 6690 448b | 5208 443b 

  0x000001655e584b88: ;   {runtime_call Shared Runtime ic_miss_blob}
  0x000001655e584b88: 5008 0f85 | 50a2 a1ff 
[Verified Entry Point]
  0x000001655e584b90: 8984 2400 | 80ff ff55 | 488b ec48 | 83ec 6090 | 4181 7f20 | 0500 0000 

  0x000001655e584ba8: ;   {runtime_call Stub::Stub Generator method_entry_barrier_stub}
  0x000001655e584ba8: 7405 e8d1 

  0x000001655e584bac: ;   {oop(a 'java/lang/Class'{0x00000007fe773c10} = 'org/libsdl/SDL')}
  0x000001655e584bac: f49f ff49 | be10 3c77 | fe07 0000 | 004c 8974 | 2450 4c8d | 7424 5049 | 8bd6 c5f8 

  0x000001655e584bc8: ;   {internal_word}
  0x000001655e584bc8: 7749 bac6 | 4b58 5e65 | 0100 004d | 8997 1804 | 0000 4989 | a710 0400 | 0049 8d8f | 3004 0000 
  0x000001655e584be8: 41c7 87ac | 0400 0004 

  0x000001655e584bf0: ;   {runtime_call}
  0x000001655e584bf0: 0000 0048 | b8d0 185e | 6f00 0000 | 00ff d0c5 | f877 41c7 | 87ac 0400 | 0005 0000 | 00f0 8344 
  0x000001655e584c10: 24c0 0049 | 3b6f 280f | 870e 0000 | 0041 83bf | a804 0000 | 000f 8423 | 0000 00c5 | f877 498b 
  0x000001655e584c30: cf4c 8be4 | 4883 ec20 | 4883 e4f0 

  0x000001655e584c3c: ;   {runtime_call}
  0x000001655e584c3c: 48b8 1049 | 2f12 f97f | 0000 ffd0 | 498b e44d | 33e4 41c7 | 87ac 0400 | 0008 0000 | 0041 83bf 
  0x000001655e584c5c: 3005 0000 | 020f 8459 | 0000 0049 | c787 1004 | 0000 0000 | 0000 49c7 | 8718 0400 | 0000 0000 
  0x000001655e584c7c: 00c5 f877 | 498b 8f90 | 0400 00c7 | 8100 0100 | 0000 0000 

  0x000001655e584c90: ;   {poll_return}
  0x000001655e584c90: 00c9 41f6 | 4728 0174 

  0x000001655e584c98: ;   {internal_word}
  0x000001655e584c98: 1649 ba92 | 4c58 5e65 | 0100 004d | 8997 b804 

  0x000001655e584ca8: ;   {runtime_call SafepointBlob}
  0x000001655e584ca8: 0000 e9b1 | c5a1 ff49 | 837f 0800 | 0f85 0100 

  0x000001655e584cb8: ;   {runtime_call Stub::Stub Generator forward_exception_stub}
  0x000001655e584cb8: 0000 c3e9 | 20cb 9cff | c5f8 774c | 8be4 4883 | ec20 4883 

  0x000001655e584ccc: ;   {runtime_call}
  0x000001655e584ccc: e4f0 48b8 | e096 6a12 | f97f 0000 | ffd0 498b | e44d 33e4 | eb85 f4f4 | f4f4 f4f4 
[/MachCode]


---------------  P R O C E S S  ---------------

Threads class SMR info:
_java_thread_list=0x000001657d769120, length=16, elements={
0x000001656e33b6f0, 0x000001656e33c140, 0x000001656e34a500, 0x000001656e342540,
0x000001656e343cb0, 0x000001656e344c50, 0x000001656e35a510, 0x000001656e36a5b0,
0x000001656e348300, 0x000001656e3492a0, 0x000001656e347360, 0x000001656e687960,
0x000001656e685250, 0x0000016577c89170, 0x0000016577c8a110, 0x0000016577c8b880
}

Java Threads: ( => current thread )
  0x000001656e33b6f0 JavaThread "Reference Handler"          daemon [_thread_blocked, id=1700, stack(0x0000002227200000,0x0000002227300000) (1024K)]
  0x000001656e33c140 JavaThread "Finalizer"                  daemon [_thread_blocked, id=12084, stack(0x0000002227300000,0x0000002227400000) (1024K)]
  0x000001656e34a500 JavaThread "Signal Dispatcher"          daemon [_thread_blocked, id=9948, stack(0x0000002227400000,0x0000002227500000) (1024K)]
  0x000001656e342540 JavaThread "Attach Listener"            daemon [_thread_blocked, id=12316, stack(0x0000002227500000,0x0000002227600000) (1024K)]
  0x000001656e343cb0 JavaThread "Service Thread"             daemon [_thread_blocked, id=6024, stack(0x0000002227600000,0x0000002227700000) (1024K)]
  0x000001656e344c50 JavaThread "Monitor Deflation Thread"   daemon [_thread_blocked, id=11020, stack(0x0000002227700000,0x0000002227800000) (1024K)]
  0x000001656e35a510 JavaThread "C2 CompilerThread0"         daemon [_thread_blocked, id=11628, stack(0x0000002227800000,0x0000002227900000) (1024K)]
  0x000001656e36a5b0 JavaThread "C1 CompilerThread0"         daemon [_thread_blocked, id=8848, stack(0x0000002227900000,0x0000002227a00000) (1024K)]
  0x000001656e348300 JavaThread "Common-Cleaner"             daemon [_thread_blocked, id=10132, stack(0x0000002227a00000,0x0000002227b00000) (1024K)]
  0x000001656e3492a0 JavaThread "Notification Thread"        daemon [_thread_blocked, id=7540, stack(0x0000002227c00000,0x0000002227d00000) (1024K)]
  0x000001656e347360 JavaThread "Java2D Disposer"            daemon [_thread_blocked, id=7972, stack(0x0000002227d00000,0x0000002227e00000) (1024K)]
  0x000001656e687960 JavaThread "AWT-Shutdown"                      [_thread_blocked, id=1456, stack(0x0000002227e00000,0x0000002227f00000) (1024K)]
  0x000001656e685250 JavaThread "Image Fetcher 0"            daemon [_thread_blocked, id=1388, stack(0x0000002228000000,0x0000002228100000) (1024K)]
  0x0000016577c89170 JavaThread "AWT-EventQueue-0"                  [_thread_blocked, id=4376, stack(0x0000002228570000,0x0000002228670000) (1024K)]
=>0x0000016577c8a110 JavaThread "Thread-0"                          [_thread_in_native, id=8220, stack(0x0000002228870000,0x0000002228970000) (1024K)]
  0x0000016577c8b880 JavaThread "DestroyJavaVM"                     [_thread_blocked, id=3512, stack(0x0000002226900000,0x0000002226a00000) (1024K)]
Total: 16

Other Threads:
  0x000001656e3297a0 VMThread "VM Thread"                           [id=6136, stack(0x0000002227100000,0x0000002227200000) (1024K)]
  0x000001654dbc6160 WatcherThread "VM Periodic Task Thread"        [id=11892, stack(0x0000002227000000,0x0000002227100000) (1024K)]
  0x000001654db5b280 WorkerThread "GC Thread#0"                     [id=6204, stack(0x0000002226a00000,0x0000002226b00000) (1024K)]
  0x0000016577d67340 WorkerThread "GC Thread#1"                     [id=15600, stack(0x0000002228270000,0x0000002228370000) (1024K)]
  0x0000016577d67b70 WorkerThread "GC Thread#2"                     [id=14356, stack(0x0000002228370000,0x0000002228470000) (1024K)]
  0x0000016577d67f90 WorkerThread "GC Thread#3"                     [id=14792, stack(0x0000002228470000,0x0000002228570000) (1024K)]
  0x0000016577e0b7f0 WorkerThread "GC Thread#4"                     [id=4956, stack(0x0000002228670000,0x0000002228770000) (1024K)]
  0x0000016577e0bc10 WorkerThread "GC Thread#5"                     [id=16108, stack(0x0000002228770000,0x0000002228870000) (1024K)]
  0x000001657817f930 WorkerThread "GC Thread#6"                     [id=5496, stack(0x0000002228df0000,0x0000002228ef0000) (1024K)]
  0x00000165782413e0 WorkerThread "GC Thread#7"                     [id=14308, stack(0x0000002228ef0000,0x0000002228ff0000) (1024K)]
  0x00000165782406f0 WorkerThread "GC Thread#8"                     [id=5452, stack(0x0000002228ff0000,0x00000022290f0000) (1024K)]
  0x0000016578240b40 WorkerThread "GC Thread#9"                     [id=7964, stack(0x00000022290f0000,0x00000022291f0000) (1024K)]
  0x000001654db74180 ConcurrentGCThread "G1 Main Marker"            [id=14492, stack(0x0000002226b00000,0x0000002226c00000) (1024K)]
  0x000001654db74d00 WorkerThread "G1 Conc#0"                       [id=6124, stack(0x0000002226c00000,0x0000002226d00000) (1024K)]
  0x0000016578240f90 WorkerThread "G1 Conc#1"                       [id=8096, stack(0x00000022291f0000,0x00000022292f0000) (1024K)]
  0x000001657823fe50 WorkerThread "G1 Conc#2"                       [id=5928, stack(0x00000022292f0000,0x00000022293f0000) (1024K)]
  0x000001654dbcaa80 WorkerThread "G1 Refinement Workers#0"         [id=6684, stack(0x0000002226e00000,0x0000002226f00000) (1024K)]
  0x000001654dbc5ca0 ConcurrentGCThread "G1 Refine Control"         [id=11440, stack(0x0000002226d00000,0x0000002226e00000) (1024K)]
  0x000001654dbcbb60 ConcurrentGCThread "G1 Service"                [id=4932, stack(0x0000002226f00000,0x0000002227000000) (1024K)]
Total: 19

Threads with active compile tasks:
Total: 0

VM state: not at safepoint (normal execution)

VM Mutex/Monitor currently owned by a thread: None

Heap address: 0x0000000701200000, size: 4078 MB, Compressed Oops mode: Zero based, Oop shift amount: 3

CDS archive(s) mapped at: [0x0000000089000000-0x0000000089de0000-0x0000000089de0000), size 14548992, SharedBaseAddress: 0x0000000089000000, ArchiveRelocationMode: 1.
Compressed class space mapped at: 0x000000008a000000-0x00000000ca000000, reserved size: 1073741824
UseCompressedClassPointers 1, UseCompactObjectHeaders 0
Narrow klass pointer bits 32, Max shift 3
Narrow klass base: 0x0000000089000000, Narrow klass shift: 0
Encoding Range: [0x0000000089000000 - 0x0000000189000000), (4294967296 bytes)
Klass Range:    [0x0000000089000000 - 0x00000000ca000000), (1090519040 bytes)
Klass ID Range:  [8 - 1090519033) (1090519025)
Protection zone: [0x0000000089000000 - 0x0000000089010000), (65536 bytes)

GC Precious Log:
 CardTable entry size: 512
 Card Set container configuration: InlinePtr #cards 4 size 8 Array Of Cards #cards 16 size 48 Howl #buckets 8 coarsen threshold 3686 Howl Bitmap #cards 512 size 80 coarsen threshold 460 Card regions per heap region 1 cards per card region 4096
 CPUs: 12 total, 12 available
 Memory: 16311M
 Large Page Support: Disabled
 NUMA Support: Disabled
 Compressed Oops: Enabled (Zero based)
 Heap Region Size: 2M
 Heap Min Capacity: 8M
 Heap Initial Capacity: 8M
 Heap Max Capacity: 4078M
 Pre-touch: Disabled
 Parallel Workers: 10
 Concurrent Workers: 3
 Concurrent Refinement Workers: 10
 Periodic GC: Disabled

Heap:
 garbage-first heap   total reserved 4175872K, committed 215040K, used 151188K [0x0000000701200000, 0x0000000800000000)
  region size 2M, 40 eden (80M), 7 survivor (14M), 30 old (60M), 0 humongous (0M), 28 free (56M)

Heap Regions: E=young(eden), S=young(survivor), O=old, HS=humongous(starts), HC=humongous(continues), CS=collection set, F=free, TAMS=top-at-mark-start, PB=parsable bottom
|    0|0x0000000701200000, 0x0000000701400000, 0x0000000701400000|100%| O|  |TAMS 0x0000000701200000| PB 0x0000000701200000| Untracked |  0
|    1|0x0000000701400000, 0x0000000701600000, 0x0000000701600000|100%| O|  |TAMS 0x0000000701400000| PB 0x0000000701400000| Untracked |  0
|    2|0x0000000701600000, 0x0000000701800000, 0x0000000701800000|100%| O|  |TAMS 0x0000000701600000| PB 0x0000000701600000| Untracked |  0
|    3|0x0000000701800000, 0x0000000701a00000, 0x0000000701a00000|100%| O|  |TAMS 0x0000000701800000| PB 0x0000000701800000| Untracked |  0
|    4|0x0000000701a00000, 0x0000000701c00000, 0x0000000701c00000|100%| O|  |TAMS 0x0000000701a00000| PB 0x0000000701a00000| Untracked |  0
|    5|0x0000000701c00000, 0x0000000701e00000, 0x0000000701e00000|100%| O|  |TAMS 0x0000000701c00000| PB 0x0000000701c00000| Untracked |  0
|    6|0x0000000701e00000, 0x0000000702000000, 0x0000000702000000|100%| O|  |TAMS 0x0000000701e00000| PB 0x0000000701e00000| Untracked |  0
|    7|0x0000000702000000, 0x0000000702200000, 0x0000000702200000|100%| O|  |TAMS 0x0000000702000000| PB 0x0000000702000000| Untracked |  0
|    8|0x0000000702200000, 0x0000000702400000, 0x0000000702400000|100%| O|  |TAMS 0x0000000702200000| PB 0x0000000702200000| Untracked |  0
|    9|0x0000000702400000, 0x0000000702600000, 0x0000000702600000|100%| O|  |TAMS 0x0000000702400000| PB 0x0000000702400000| Untracked |  0
|   10|0x0000000702600000, 0x0000000702800000, 0x0000000702800000|100%| O|  |TAMS 0x0000000702600000| PB 0x0000000702600000| Untracked |  0
|   11|0x0000000702800000, 0x00000007028d4810, 0x0000000702a00000| 41%| O|  |TAMS 0x0000000702800000| PB 0x0000000702800000| Untracked |  0
|   12|0x0000000702a00000, 0x0000000702c00000, 0x0000000702c00000|100%| O|  |TAMS 0x0000000702a00000| PB 0x0000000702a00000| Untracked |  0
|   13|0x0000000702c00000, 0x0000000702e00000, 0x0000000702e00000|100%| O|  |TAMS 0x0000000702c00000| PB 0x0000000702c00000| Untracked |  0
|   14|0x0000000702e00000, 0x0000000703000000, 0x0000000703000000|100%| O|  |TAMS 0x0000000702e00000| PB 0x0000000702e00000| Untracked |  0
|   15|0x0000000703000000, 0x0000000703200000, 0x0000000703200000|100%| O|  |TAMS 0x0000000703000000| PB 0x0000000703000000| Untracked |  0
|   16|0x0000000703200000, 0x0000000703400000, 0x0000000703400000|100%| O|  |TAMS 0x0000000703200000| PB 0x0000000703200000| Untracked |  0
|   17|0x0000000703400000, 0x0000000703600000, 0x0000000703600000|100%| O|  |TAMS 0x0000000703400000| PB 0x0000000703400000| Untracked |  0
|   18|0x0000000703600000, 0x0000000703600000, 0x0000000703800000|  0%| F|  |TAMS 0x0000000703600000| PB 0x0000000703600000| Untracked |  0
|   19|0x0000000703800000, 0x0000000703800000, 0x0000000703a00000|  0%| F|  |TAMS 0x0000000703800000| PB 0x0000000703800000| Untracked |  0
|   20|0x0000000703a00000, 0x0000000703a00000, 0x0000000703c00000|  0%| F|  |TAMS 0x0000000703a00000| PB 0x0000000703a00000| Untracked |  0
|   21|0x0000000703c00000, 0x0000000703c00000, 0x0000000703e00000|  0%| F|  |TAMS 0x0000000703c00000| PB 0x0000000703c00000| Untracked |  0
|   22|0x0000000703e00000, 0x0000000703e00000, 0x0000000704000000|  0%| F|  |TAMS 0x0000000703e00000| PB 0x0000000703e00000| Untracked |  0
|   23|0x0000000704000000, 0x0000000704000000, 0x0000000704200000|  0%| F|  |TAMS 0x0000000704000000| PB 0x0000000704000000| Untracked |  0
|   24|0x0000000704200000, 0x0000000704200000, 0x0000000704400000|  0%| F|  |TAMS 0x0000000704200000| PB 0x0000000704200000| Untracked |  0
|   25|0x0000000704400000, 0x0000000704400000, 0x0000000704600000|  0%| F|  |TAMS 0x0000000704400000| PB 0x0000000704400000| Untracked |  0
|   26|0x0000000704600000, 0x0000000704600000, 0x0000000704800000|  0%| F|  |TAMS 0x0000000704600000| PB 0x0000000704600000| Untracked |  0
|   27|0x0000000704800000, 0x0000000704800000, 0x0000000704a00000|  0%| F|  |TAMS 0x0000000704800000| PB 0x0000000704800000| Untracked |  0
|   28|0x0000000704a00000, 0x0000000704a00000, 0x0000000704c00000|  0%| F|  |TAMS 0x0000000704a00000| PB 0x0000000704a00000| Untracked |  0
|   29|0x0000000704c00000, 0x0000000704c00000, 0x0000000704e00000|  0%| F|  |TAMS 0x0000000704c00000| PB 0x0000000704c00000| Untracked |  0
|   30|0x0000000704e00000, 0x0000000704fa9020, 0x0000000705000000| 83%| S|CS|TAMS 0x0000000704e00000| PB 0x0000000704e00000| Complete  |  0
|   31|0x0000000705000000, 0x0000000705200000, 0x0000000705200000|100%| S|CS|TAMS 0x0000000705000000| PB 0x0000000705000000| Complete  |  0
|   32|0x0000000705200000, 0x0000000705400000, 0x0000000705400000|100%| S|CS|TAMS 0x0000000705200000| PB 0x0000000705200000| Complete  |  0
|   33|0x0000000705400000, 0x0000000705600000, 0x0000000705600000|100%| S|CS|TAMS 0x0000000705400000| PB 0x0000000705400000| Complete  |  0
|   34|0x0000000705600000, 0x0000000705800000, 0x0000000705800000|100%| S|CS|TAMS 0x0000000705600000| PB 0x0000000705600000| Complete  |  0
|   35|0x0000000705800000, 0x0000000705a00000, 0x0000000705a00000|100%| S|CS|TAMS 0x0000000705800000| PB 0x0000000705800000| Complete  |  0
|   36|0x0000000705a00000, 0x0000000705c00000, 0x0000000705c00000|100%| S|CS|TAMS 0x0000000705a00000| PB 0x0000000705a00000| Complete  |  0
|   37|0x0000000705c00000, 0x0000000705c00000, 0x0000000705e00000|  0%| F|  |TAMS 0x0000000705c00000| PB 0x0000000705c00000| Untracked |  0
|   38|0x0000000705e00000, 0x0000000705e00000, 0x0000000706000000|  0%| F|  |TAMS 0x0000000705e00000| PB 0x0000000705e00000| Untracked |  0
|   39|0x0000000706000000, 0x0000000706000000, 0x0000000706200000|  0%| F|  |TAMS 0x0000000706000000| PB 0x0000000706000000| Untracked |  0
|   40|0x0000000706200000, 0x0000000706200000, 0x0000000706400000|  0%| F|  |TAMS 0x0000000706200000| PB 0x0000000706200000| Untracked |  0
|   41|0x0000000706400000, 0x0000000706400000, 0x0000000706600000|  0%| F|  |TAMS 0x0000000706400000| PB 0x0000000706400000| Untracked |  0
|   42|0x0000000706600000, 0x0000000706600000, 0x0000000706800000|  0%| F|  |TAMS 0x0000000706600000| PB 0x0000000706600000| Untracked |  0
|   43|0x0000000706800000, 0x0000000706800000, 0x0000000706a00000|  0%| F|  |TAMS 0x0000000706800000| PB 0x0000000706800000| Untracked |  0
|   44|0x0000000706a00000, 0x0000000706a00000, 0x0000000706c00000|  0%| F|  |TAMS 0x0000000706a00000| PB 0x0000000706a00000| Untracked |  0
|   45|0x0000000706c00000, 0x0000000706c00000, 0x0000000706e00000|  0%| F|  |TAMS 0x0000000706c00000| PB 0x0000000706c00000| Untracked |  0
|   46|0x0000000706e00000, 0x0000000706e00000, 0x0000000707000000|  0%| F|  |TAMS 0x0000000706e00000| PB 0x0000000706e00000| Untracked |  0
|   47|0x0000000707000000, 0x0000000707000000, 0x0000000707200000|  0%| F|  |TAMS 0x0000000707000000| PB 0x0000000707000000| Untracked |  0
|   48|0x0000000707200000, 0x0000000707200000, 0x0000000707400000|  0%| F|  |TAMS 0x0000000707200000| PB 0x0000000707200000| Untracked |  0
|   49|0x0000000707400000, 0x0000000707400000, 0x0000000707600000|  0%| F|  |TAMS 0x0000000707400000| PB 0x0000000707400000| Untracked |  0
|   50|0x0000000707600000, 0x0000000707600000, 0x0000000707800000|  0%| F|  |TAMS 0x0000000707600000| PB 0x0000000707600000| Untracked |  0
|   51|0x0000000707800000, 0x0000000707800000, 0x0000000707a00000|  0%| F|  |TAMS 0x0000000707800000| PB 0x0000000707800000| Untracked |  0
|   52|0x0000000707a00000, 0x0000000707a00000, 0x0000000707c00000|  0%| F|  |TAMS 0x0000000707a00000| PB 0x0000000707a00000| Untracked |  0
|   53|0x0000000707c00000, 0x0000000707d34150, 0x0000000707e00000| 60%| E|CS|TAMS 0x0000000707c00000| PB 0x0000000707c00000| Complete  |  1
|   54|0x0000000707e00000, 0x0000000708000000, 0x0000000708000000|100%| E|CS|TAMS 0x0000000707e00000| PB 0x0000000707e00000| Complete  |  0
|   55|0x0000000708000000, 0x0000000708200000, 0x0000000708200000|100%| E|CS|TAMS 0x0000000708000000| PB 0x0000000708000000| Complete  |  0
|   56|0x0000000708200000, 0x0000000708400000, 0x0000000708400000|100%| E|CS|TAMS 0x0000000708200000| PB 0x0000000708200000| Complete  |  0
|   57|0x0000000708400000, 0x0000000708600000, 0x0000000708600000|100%| E|CS|TAMS 0x0000000708400000| PB 0x0000000708400000| Complete  |  0
|   58|0x0000000708600000, 0x0000000708800000, 0x0000000708800000|100%| E|CS|TAMS 0x0000000708600000| PB 0x0000000708600000| Complete  |  0
|   59|0x0000000708800000, 0x0000000708a00000, 0x0000000708a00000|100%| E|CS|TAMS 0x0000000708800000| PB 0x0000000708800000| Complete  |  0
|   60|0x0000000708a00000, 0x0000000708c00000, 0x0000000708c00000|100%| E|CS|TAMS 0x0000000708a00000| PB 0x0000000708a00000| Complete  |  0
|   61|0x0000000708c00000, 0x0000000708e00000, 0x0000000708e00000|100%| E|CS|TAMS 0x0000000708c00000| PB 0x0000000708c00000| Complete  |  0
|   62|0x0000000708e00000, 0x0000000709000000, 0x0000000709000000|100%| E|CS|TAMS 0x0000000708e00000| PB 0x0000000708e00000| Complete  |  0
|   63|0x0000000709000000, 0x0000000709200000, 0x0000000709200000|100%| E|CS|TAMS 0x0000000709000000| PB 0x0000000709000000| Complete  |  0
|   64|0x0000000709200000, 0x0000000709400000, 0x0000000709400000|100%| E|CS|TAMS 0x0000000709200000| PB 0x0000000709200000| Complete  |  0
|   65|0x0000000709400000, 0x0000000709600000, 0x0000000709600000|100%| E|CS|TAMS 0x0000000709400000| PB 0x0000000709400000| Complete  |  0
|   66|0x0000000709600000, 0x0000000709800000, 0x0000000709800000|100%| E|CS|TAMS 0x0000000709600000| PB 0x0000000709600000| Complete  |  0
|   67|0x0000000709800000, 0x0000000709a00000, 0x0000000709a00000|100%| E|CS|TAMS 0x0000000709800000| PB 0x0000000709800000| Complete  |  0
|   68|0x0000000709a00000, 0x0000000709c00000, 0x0000000709c00000|100%| E|CS|TAMS 0x0000000709a00000| PB 0x0000000709a00000| Complete  |  0
|   69|0x0000000709c00000, 0x0000000709e00000, 0x0000000709e00000|100%| E|CS|TAMS 0x0000000709c00000| PB 0x0000000709c00000| Complete  |  0
|   70|0x0000000709e00000, 0x000000070a000000, 0x000000070a000000|100%| E|CS|TAMS 0x0000000709e00000| PB 0x0000000709e00000| Complete  |  0
|   71|0x000000070a000000, 0x000000070a200000, 0x000000070a200000|100%| E|CS|TAMS 0x000000070a000000| PB 0x000000070a000000| Complete  |  0
|   72|0x000000070a200000, 0x000000070a400000, 0x000000070a400000|100%| E|CS|TAMS 0x000000070a200000| PB 0x000000070a200000| Complete  |  0
|   73|0x000000070a400000, 0x000000070a600000, 0x000000070a600000|100%| E|CS|TAMS 0x000000070a400000| PB 0x000000070a400000| Complete  |  0
|   74|0x000000070a600000, 0x000000070a800000, 0x000000070a800000|100%| E|CS|TAMS 0x000000070a600000| PB 0x000000070a600000| Complete  |  0
|   75|0x000000070a800000, 0x000000070aa00000, 0x000000070aa00000|100%| E|CS|TAMS 0x000000070a800000| PB 0x000000070a800000| Complete  |  0
|   76|0x000000070aa00000, 0x000000070ac00000, 0x000000070ac00000|100%| E|CS|TAMS 0x000000070aa00000| PB 0x000000070aa00000| Complete  |  0
|   77|0x000000070ac00000, 0x000000070ae00000, 0x000000070ae00000|100%| E|CS|TAMS 0x000000070ac00000| PB 0x000000070ac00000| Complete  |  0
|   78|0x000000070ae00000, 0x000000070b000000, 0x000000070b000000|100%| E|CS|TAMS 0x000000070ae00000| PB 0x000000070ae00000| Complete  |  0
|   79|0x000000070b000000, 0x000000070b200000, 0x000000070b200000|100%| E|CS|TAMS 0x000000070b000000| PB 0x000000070b000000| Complete  |  0
|   80|0x000000070b200000, 0x000000070b400000, 0x000000070b400000|100%| E|CS|TAMS 0x000000070b200000| PB 0x000000070b200000| Complete  |  0
|   81|0x000000070b400000, 0x000000070b600000, 0x000000070b600000|100%| E|CS|TAMS 0x000000070b400000| PB 0x000000070b400000| Complete  |  0
|   82|0x000000070b600000, 0x000000070b800000, 0x000000070b800000|100%| E|CS|TAMS 0x000000070b600000| PB 0x000000070b600000| Complete  |  0
|   83|0x000000070b800000, 0x000000070ba00000, 0x000000070ba00000|100%| E|CS|TAMS 0x000000070b800000| PB 0x000000070b800000| Complete  |  0
|   84|0x000000070ba00000, 0x000000070bc00000, 0x000000070bc00000|100%| E|CS|TAMS 0x000000070ba00000| PB 0x000000070ba00000| Complete  |  0
|   85|0x000000070bc00000, 0x000000070be00000, 0x000000070be00000|100%| E|CS|TAMS 0x000000070bc00000| PB 0x000000070bc00000| Complete  |  0
|   86|0x000000070be00000, 0x000000070c000000, 0x000000070c000000|100%| E|CS|TAMS 0x000000070be00000| PB 0x000000070be00000| Complete  |  0
|   87|0x000000070c000000, 0x000000070c200000, 0x000000070c200000|100%| E|CS|TAMS 0x000000070c000000| PB 0x000000070c000000| Complete  |  0
|   88|0x000000070c200000, 0x000000070c400000, 0x000000070c400000|100%| E|CS|TAMS 0x000000070c200000| PB 0x000000070c200000| Complete  |  0
|   89|0x000000070c400000, 0x000000070c600000, 0x000000070c600000|100%| E|CS|TAMS 0x000000070c400000| PB 0x000000070c400000| Complete  |  0
| 2024|0x00000007fe200000, 0x00000007fe400000, 0x00000007fe400000|100%| O|  |TAMS 0x00000007fe200000| PB 0x00000007fe200000| Untracked |  0
| 2025|0x00000007fe400000, 0x00000007fe600000, 0x00000007fe600000|100%| O|  |TAMS 0x00000007fe400000| PB 0x00000007fe400000| Untracked |  0
| 2026|0x00000007fe600000, 0x00000007fe800000, 0x00000007fe800000|100%| O|  |TAMS 0x00000007fe600000| PB 0x00000007fe600000| Untracked |  0
| 2027|0x00000007fe800000, 0x00000007fea00000, 0x00000007fea00000|100%| O|  |TAMS 0x00000007fe800000| PB 0x00000007fe800000| Untracked |  0
| 2028|0x00000007fea00000, 0x00000007fec00000, 0x00000007fec00000|100%| O|  |TAMS 0x00000007fea00000| PB 0x00000007fea00000| Untracked |  0
| 2029|0x00000007fec00000, 0x00000007fee00000, 0x00000007fee00000|100%| O|  |TAMS 0x00000007fec00000| PB 0x00000007fec00000| Untracked |  0
| 2030|0x00000007fee00000, 0x00000007ff000000, 0x00000007ff000000|100%| O|  |TAMS 0x00000007fee00000| PB 0x00000007fee00000| Untracked |  0
| 2031|0x00000007ff000000, 0x00000007ff200000, 0x00000007ff200000|100%| O|  |TAMS 0x00000007ff000000| PB 0x00000007ff000000| Untracked |  0
| 2032|0x00000007ff200000, 0x00000007ff400000, 0x00000007ff400000|100%| O|  |TAMS 0x00000007ff200000| PB 0x00000007ff200000| Untracked |  0
| 2033|0x00000007ff400000, 0x00000007ff600000, 0x00000007ff600000|100%| O|  |TAMS 0x00000007ff400000| PB 0x00000007ff400000| Untracked |  0
| 2034|0x00000007ff600000, 0x00000007ff800000, 0x00000007ff800000|100%| O|  |TAMS 0x00000007ff600000| PB 0x00000007ff600000| Untracked |  0
| 2035|0x00000007ff800000, 0x00000007ffa00000, 0x00000007ffa00000|100%| E|CS|TAMS 0x00000007ff800000| PB 0x00000007ff800000| Complete  |  0
| 2036|0x00000007ffa00000, 0x00000007ffc00000, 0x00000007ffc00000|100%| E|CS|TAMS 0x00000007ffa00000| PB 0x00000007ffa00000| Complete  |  0
| 2037|0x00000007ffc00000, 0x00000007ffe00000, 0x00000007ffe00000|100%| E|CS|TAMS 0x00000007ffc00000| PB 0x00000007ffc00000| Complete  |  0
| 2038|0x00000007ffe00000, 0x00000007fff27b70, 0x0000000800000000| 57%| O|  |TAMS 0x00000007ffe00000| PB 0x00000007ffe00000| Untracked |  0

Card table byte_map: [0x0000016566780000,0x0000016566f80000] _byte_map_base: 0x0000016562f77000
Refinement table byte_map: [0x0000016566f80000,0x0000016567780000] _byte_map_base: 0x0000016563777000

Marking Bits: (CMBitMap*) 0x000001654db5ba00
 Bits: [0x0000016567780000, 0x000001656b738000)

Polling page: 0x000001654b930000

Metaspace:
Metaspace        used 9451K, committed 9664K, reserved 1114112K
 class space     used 944K, committed 1024K, reserved 1048576K

Usage:
  Non-class:      8.31 MB used.
      Class:    944.39 KB used.
       Both:      9.23 MB used.

Virtual space:
  Non-class space:       64.00 MB reserved,       8.44 MB ( 13%) committed,  1 nodes.
      Class space:        1.00 GB reserved,       1.00 MB ( <1%) committed,  1 nodes.
             Both:        1.06 GB reserved,       9.44 MB ( <1%) committed. 

Chunk freelists:
   Non-Class:  6.98 MB
       Class:  15.01 MB
        Both:  22.00 MB

MaxMetaspaceSize: unlimited
CompressedClassSpaceSize: 1.00 GB
Initial GC threshold: 21.00 MB
Current GC threshold: 21.00 MB
CDS: on
 - commit_granule_bytes: 65536.
 - commit_granule_words: 8192.
 - virtual_space_node_default_size: 8388608.
 - enlarge_chunks_in_place: 1.
UseCompressedClassPointers 1, UseCompactObjectHeaders 0
Narrow klass pointer bits 32, Max shift 3
Narrow klass base: 0x0000000089000000, Narrow klass shift: 0
Encoding Range: [0x0000000089000000 - 0x0000000189000000), (4294967296 bytes)
Klass Range:    [0x0000000089000000 - 0x00000000ca000000), (1090519040 bytes)
Klass ID Range:  [8 - 1090519033) (1090519025)
Protection zone: [0x0000000089000000 - 0x0000000089010000), (65536 bytes)


Internal statistics:

num_allocs_failed_limit: 0.
num_arena_births: 88.
num_arena_deaths: 0.
num_vsnodes_births: 2.
num_vsnodes_deaths: 0.
num_space_committed: 151.
num_space_uncommitted: 0.
num_chunks_returned_to_freelist: 0.
num_chunks_taken_from_freelist: 146.
num_chunk_merges: 0.
num_chunk_splits: 85.
num_chunks_enlarged: 45.
num_inconsistent_stats: 0.

CodeHeap 'non-profiled nmethods': size=120064Kb used=669Kb max_used=669Kb free=119394Kb
 bounds [0x000001655e4f0000, 0x000001655e760000, 0x0000016565a30000]
CodeHeap 'profiled nmethods': size=120064Kb used=2753Kb max_used=2753Kb free=117310Kb
 bounds [0x0000016556a10000, 0x0000016556cd0000, 0x000001655df50000]
CodeHeap 'non-nmethods': size=5760Kb used=1595Kb max_used=1633Kb free=4164Kb
 bounds [0x000001655df50000, 0x000001655e1c0000, 0x000001655e4f0000]
CodeCache: size=245888Kb, used=5017Kb, max_used=5055Kb, free=240868Kb
 total_blobs=2685, nmethods=1967, adapters=622, full_count=0
Compilation: enabled, stopped_count=0, restarted_count=0

Compilation events (20 events):
Event: 2.846 Thread 0x000001656e36a5b0 2031       3       java.awt.Component::repaint (16 bytes)
Event: 2.846 Thread 0x000001656e36a5b0 nmethod 2031 0x0000016556cbd508 code [0x0000016556cbd600, 0x0000016556cbd7e0]
Event: 2.846 Thread 0x000001656e36a5b0 2032       3       sun.java2d.SunGraphics2D::setClip (17 bytes)
Event: 2.846 Thread 0x000001656e36a5b0 nmethod 2032 0x0000016556cbd808 code [0x0000016556cbd900, 0x0000016556cbdea0]
Event: 2.870 Thread 0x000001656e35a510 2033       4       java.awt.image.PackedColorModel::DecomposeMask (118 bytes)
Event: 2.872 Thread 0x000001656e35a510 nmethod 2033 0x000001655e596008 code [0x000001655e596120, 0x000001655e5963d8]
Event: 2.879 Thread 0x000001656e36a5b0 2034   !   3       java.awt.event.InvocationEvent::finishedDispatching (53 bytes)
Event: 2.879 Thread 0x000001656e36a5b0 nmethod 2034 0x0000016556cbdf08 code [0x0000016556cbe000, 0x0000016556cbe488]
Event: 2.879 Thread 0x000001656e36a5b0 2035       1       sun.awt.windows.WObjectPeer::getStateLock (5 bytes)
Event: 2.879 Thread 0x000001656e36a5b0 nmethod 2035 0x000001655e596408 code [0x000001655e596500, 0x000001655e5965b8]
Event: 2.896 Thread 0x000001656e36a5b0 2036   !   3       java.awt.EventQueue::isDispatchThreadImpl (99 bytes)
Event: 2.896 Thread 0x000001656e36a5b0 nmethod 2036 0x0000016556cbe508 code [0x0000016556cbe600, 0x0000016556cbec20]
Event: 2.898 Thread 0x000001656e35a510 2037       4       java.util.ArrayList::add (25 bytes)
Event: 2.901 Thread 0x000001656e35a510 nmethod 2037 0x000001655e596708 code [0x000001655e596800, 0x000001655e596fc8]
Event: 2.911 Thread 0x000001656e36a5b0 2038   !   3       java.util.logging.LogManager::ensureLogManagerInitialized (237 bytes)
Event: 2.912 Thread 0x000001656e36a5b0 nmethod 2038 0x0000016556cbec88 code [0x0000016556cbed80, 0x0000016556cc0760]
Event: 2.912 Thread 0x000001656e36a5b0 2040       1       java.util.concurrent.CopyOnWriteArrayList::getArray (5 bytes)
Event: 2.913 Thread 0x000001656e36a5b0 nmethod 2040 0x000001655e597008 code [0x000001655e597100, 0x000001655e5971b8]
Event: 2.913 Thread 0x000001656e36a5b0 2039       1       java.util.concurrent.CopyOnWriteArrayList::setArray (6 bytes)
Event: 2.913 Thread 0x000001656e36a5b0 nmethod 2039 0x000001655e597308 code [0x000001655e597400, 0x000001655e597510]

GC Heap Usage History (20 events):
Event: 1.060 {heap Before GC invocations=12 (full 0):
 garbage-first heap   total reserved 4175872K, committed 53248K, used 36730K [0x0000000701200000, 0x0000000800000000)
  region size 2M, 2 eden (4M), 1 survivor (2M), 17 old (34M), 0 humongous (0M), 6 free (12M)
}
Event: 1.061 {heap After GC invocations=13 (full 0):
 garbage-first heap   total reserved 4175872K, committed 53248K, used 41678K [0x0000000701200000, 0x0000000800000000)
  region size 2M, 0 eden (0M), 1 survivor (2M), 20 old (40M), 0 humongous (0M), 5 free (10M)
}
Event: 1.073 {heap Before GC invocations=13 (full 0):
 garbage-first heap   total reserved 4175872K, committed 53248K, used 43726K [0x0000000701200000, 0x0000000800000000)
  region size 2M, 2 eden (4M), 1 survivor (2M), 20 old (40M), 0 humongous (0M), 3 free (6M)
}
Event: 1.076 {heap After GC invocations=14 (full 0):
 garbage-first heap   total reserved 4175872K, committed 67584K, used 47701K [0x0000000701200000, 0x0000000800000000)
  region size 2M, 0 eden (0M), 1 survivor (2M), 23 old (46M), 0 humongous (0M), 9 free (18M)
}
Event: 1.096 {heap Before GC invocations=14 (full 0):
 garbage-first heap   total reserved 4175872K, committed 67584K, used 53845K [0x0000000701200000, 0x0000000800000000)
  region size 2M, 4 eden (8M), 1 survivor (2M), 23 old (46M), 0 humongous (0M), 5 free (10M)
}
Event: 1.098 {heap After GC invocations=15 (full 0):
 garbage-first heap   total reserved 4175872K, committed 215040K, used 57210K [0x0000000701200000, 0x0000000800000000)
  region size 2M, 0 eden (0M), 1 survivor (2M), 28 old (56M), 0 humongous (0M), 76 free (152M)
}
Event: 1.346 {heap Before GC invocations=15 (full 0):
 garbage-first heap   total reserved 4175872K, committed 215040K, used 157562K [0x0000000701200000, 0x0000000800000000)
  region size 2M, 50 eden (100M), 1 survivor (2M), 28 old (56M), 0 humongous (0M), 26 free (52M)
}
Event: 1.348 {heap After GC invocations=16 (full 0):
 garbage-first heap   total reserved 4175872K, committed 215040K, used 71546K [0x0000000701200000, 0x0000000800000000)
  region size 2M, 0 eden (0M), 7 survivor (14M), 29 old (58M), 0 humongous (0M), 69 free (138M)
}
Event: 1.579 {heap Before GC invocations=16 (full 0):
 garbage-first heap   total reserved 4175872K, committed 215040K, used 184186K [0x0000000701200000, 0x0000000800000000)
  region size 2M, 56 eden (112M), 7 survivor (14M), 29 old (58M), 0 humongous (0M), 13 free (26M)
}
Event: 1.581 {heap After GC invocations=17 (full 0):
 garbage-first heap   total reserved 4175872K, committed 215040K, used 74325K [0x0000000701200000, 0x0000000800000000)
  region size 2M, 0 eden (0M), 8 survivor (16M), 29 old (58M), 0 humongous (0M), 68 free (136M)
}
Event: 1.807 {heap Before GC invocations=17 (full 0):
 garbage-first heap   total reserved 4175872K, committed 215040K, used 184917K [0x0000000701200000, 0x0000000800000000)
  region size 2M, 55 eden (110M), 8 survivor (16M), 29 old (58M), 0 humongous (0M), 13 free (26M)
}
Event: 1.808 {heap After GC invocations=18 (full 0):
 garbage-first heap   total reserved 4175872K, committed 215040K, used 70960K [0x0000000701200000, 0x0000000800000000)
  region size 2M, 0 eden (0M), 7 survivor (14M), 29 old (58M), 0 humongous (0M), 69 free (138M)
}
Event: 2.043 {heap Before GC invocations=18 (full 0):
 garbage-first heap   total reserved 4175872K, committed 215040K, used 183600K [0x0000000701200000, 0x0000000800000000)
  region size 2M, 56 eden (112M), 7 survivor (14M), 29 old (58M), 0 humongous (0M), 13 free (26M)
}
Event: 2.046 {heap After GC invocations=19 (full 0):
 garbage-first heap   total reserved 4175872K, committed 215040K, used 73008K [0x0000000701200000, 0x0000000800000000)
  region size 2M, 0 eden (0M), 8 survivor (16M), 29 old (58M), 0 humongous (0M), 68 free (136M)
}
Event: 2.278 {heap Before GC invocations=19 (full 0):
 garbage-first heap   total reserved 4175872K, committed 215040K, used 183600K [0x0000000701200000, 0x0000000800000000)
  region size 2M, 55 eden (110M), 8 survivor (16M), 29 old (58M), 0 humongous (0M), 13 free (26M)
}
Event: 2.281 {heap After GC invocations=20 (full 0):
 garbage-first heap   total reserved 4175872K, committed 215040K, used 75760K [0x0000000701200000, 0x0000000800000000)
  region size 2M, 0 eden (0M), 8 survivor (16M), 30 old (60M), 0 humongous (0M), 67 free (134M)
}
Event: 2.516 {heap Before GC invocations=20 (full 0):
 garbage-first heap   total reserved 4175872K, committed 215040K, used 186352K [0x0000000701200000, 0x0000000800000000)
  region size 2M, 55 eden (110M), 8 survivor (16M), 30 old (60M), 0 humongous (0M), 12 free (24M)
}
Event: 2.518 {heap After GC invocations=21 (full 0):
 garbage-first heap   total reserved 4175872K, committed 215040K, used 72396K [0x0000000701200000, 0x0000000800000000)
  region size 2M, 0 eden (0M), 7 survivor (14M), 30 old (60M), 0 humongous (0M), 68 free (136M)
}
Event: 2.748 {heap Before GC invocations=21 (full 0):
 garbage-first heap   total reserved 4175872K, committed 215040K, used 185036K [0x0000000701200000, 0x0000000800000000)
  region size 2M, 56 eden (112M), 7 survivor (14M), 30 old (60M), 0 humongous (0M), 12 free (24M)
}
Event: 2.750 {heap After GC invocations=22 (full 0):
 garbage-first heap   total reserved 4175872K, committed 215040K, used 73364K [0x0000000701200000, 0x0000000800000000)
  region size 2M, 0 eden (0M), 7 survivor (14M), 30 old (60M), 0 humongous (0M), 68 free (136M)
}

Metaspace Usage History (20 events):
Event: 1.060 {metaspace Before GC invocations=12 (full 0):
 Metaspace       used 8928K, committed 9088K, reserved 1114112K
  class space    used 944K, committed 1024K, reserved 1048576K
}
Event: 1.061 {metaspace After GC invocations=13 (full 0):
 Metaspace       used 8928K, committed 9088K, reserved 1114112K
  class space    used 944K, committed 1024K, reserved 1048576K
}
Event: 1.073 {metaspace Before GC invocations=13 (full 0):
 Metaspace       used 8929K, committed 9088K, reserved 1114112K
  class space    used 944K, committed 1024K, reserved 1048576K
}
Event: 1.076 {metaspace After GC invocations=14 (full 0):
 Metaspace       used 8929K, committed 9088K, reserved 1114112K
  class space    used 944K, committed 1024K, reserved 1048576K
}
Event: 1.096 {metaspace Before GC invocations=14 (full 0):
 Metaspace       used 8936K, committed 9152K, reserved 1114112K
  class space    used 944K, committed 1024K, reserved 1048576K
}
Event: 1.098 {metaspace After GC invocations=15 (full 0):
 Metaspace       used 8936K, committed 9152K, reserved 1114112K
  class space    used 944K, committed 1024K, reserved 1048576K
}
Event: 1.346 {metaspace Before GC invocations=15 (full 0):
 Metaspace       used 9010K, committed 9216K, reserved 1114112K
  class space    used 944K, committed 1024K, reserved 1048576K
}
Event: 1.348 {metaspace After GC invocations=16 (full 0):
 Metaspace       used 9010K, committed 9216K, reserved 1114112K
  class space    used 944K, committed 1024K, reserved 1048576K
}
Event: 1.579 {metaspace Before GC invocations=16 (full 0):
 Metaspace       used 9076K, committed 9216K, reserved 1114112K
  class space    used 944K, committed 1024K, reserved 1048576K
}
Event: 1.581 {metaspace After GC invocations=17 (full 0):
 Metaspace       used 9076K, committed 9216K, reserved 1114112K
  class space    used 944K, committed 1024K, reserved 1048576K
}
Event: 1.807 {metaspace Before GC invocations=17 (full 0):
 Metaspace       used 9191K, committed 9344K, reserved 1114112K
  class space    used 944K, committed 1024K, reserved 1048576K
}
Event: 1.808 {metaspace After GC invocations=18 (full 0):
 Metaspace       used 9191K, committed 9344K, reserved 1114112K
  class space    used 944K, committed 1024K, reserved 1048576K
}
Event: 2.043 {metaspace Before GC invocations=18 (full 0):
 Metaspace       used 9251K, committed 9472K, reserved 1114112K
  class space    used 944K, committed 1024K, reserved 1048576K
}
Event: 2.046 {metaspace After GC invocations=19 (full 0):
 Metaspace       used 9251K, committed 9472K, reserved 1114112K
  class space    used 944K, committed 1024K, reserved 1048576K
}
Event: 2.278 {metaspace Before GC invocations=19 (full 0):
 Metaspace       used 9308K, committed 9536K, reserved 1114112K
  class space    used 944K, committed 1024K, reserved 1048576K
}
Event: 2.281 {metaspace After GC invocations=20 (full 0):
 Metaspace       used 9308K, committed 9536K, reserved 1114112K
  class space    used 944K, committed 1024K, reserved 1048576K
}
Event: 2.516 {metaspace Before GC invocations=20 (full 0):
 Metaspace       used 9418K, committed 9600K, reserved 1114112K
  class space    used 944K, committed 1024K, reserved 1048576K
}
Event: 2.518 {metaspace After GC invocations=21 (full 0):
 Metaspace       used 9418K, committed 9600K, reserved 1114112K
  class space    used 944K, committed 1024K, reserved 1048576K
}
Event: 2.748 {metaspace Before GC invocations=21 (full 0):
 Metaspace       used 9437K, committed 9664K, reserved 1114112K
  class space    used 944K, committed 1024K, reserved 1048576K
}
Event: 2.750 {metaspace After GC invocations=22 (full 0):
 Metaspace       used 9437K, committed 9664K, reserved 1114112K
  class space    used 944K, committed 1024K, reserved 1048576K
}

Dll operation events (18 events):
Event: 0.007 Attempting to load shared library C:\Program Files\Apache NetBeans\jdk\bin\java.dll
Event: 0.008 Loaded shared library C:\Program Files\Apache NetBeans\jdk\bin\java.dll
Event: 0.054 Attempting to load shared library C:\Program Files\Apache NetBeans\jdk\bin\net.dll
Event: 0.054 Loaded shared library C:\Program Files\Apache NetBeans\jdk\bin\net.dll
Event: 0.055 Attempting to load shared library C:\Program Files\Apache NetBeans\jdk\bin\nio.dll
Event: 0.056 Loaded shared library C:\Program Files\Apache NetBeans\jdk\bin\nio.dll
Event: 0.072 Attempting to load shared library C:\Program Files\Apache NetBeans\jdk\bin\zip.dll
Event: 0.072 Loaded shared library C:\Program Files\Apache NetBeans\jdk\bin\zip.dll
Event: 0.091 Attempting to load shared library C:\Program Files\Apache NetBeans\jdk\bin\jimage.dll
Event: 0.091 Loaded shared library C:\Program Files\Apache NetBeans\jdk\bin\jimage.dll
Event: 0.097 Attempting to load shared library C:\Program Files\Apache NetBeans\jdk\bin\awt.dll
Event: 0.099 Loaded shared library C:\Program Files\Apache NetBeans\jdk\bin\awt.dll
Event: 0.516 Attempting to load shared library C:\Program Files\Apache NetBeans\jdk\bin\freetype.dll
Event: 0.516 Loaded shared library C:\Program Files\Apache NetBeans\jdk\bin\freetype.dll
Event: 0.517 Attempting to load shared library C:\Program Files\Apache NetBeans\jdk\bin\fontmanager.dll
Event: 0.517 Loaded shared library C:\Program Files\Apache NetBeans\jdk\bin\fontmanager.dll
Event: 0.579 Attempting to load shared library C:\Users\driog\AppData\Local\Temp\jnigen\1044091258\sdl2gdx64.dll
Event: 0.580 Loaded shared library C:\Users\driog\AppData\Local\Temp\jnigen\1044091258\sdl2gdx64.dll

Deoptimization events (20 events):
Event: 1.175 Thread 0x0000016577c89170 DEOPT PACKING pc=0x0000016556b892a7 sp=0x000000222866e3a0
Event: 1.175 Thread 0x0000016577c89170 DEOPT UNPACKING pc=0x000001655dfa1a02 sp=0x000000222866d798 mode 0
Event: 1.195 Thread 0x0000016577c89170 DEOPT PACKING pc=0x0000016556b892a7 sp=0x000000222866e410
Event: 1.195 Thread 0x0000016577c89170 DEOPT UNPACKING pc=0x000001655dfa1a02 sp=0x000000222866d808 mode 0
Event: 1.215 Thread 0x0000016577c89170 DEOPT PACKING pc=0x0000016556b95c9e sp=0x000000222866e1d0
Event: 1.215 Thread 0x0000016577c89170 DEOPT UNPACKING pc=0x000001655dfa1a02 sp=0x000000222866d5c8 mode 0
Event: 1.215 Thread 0x0000016577c89170 DEOPT PACKING pc=0x0000016556b892a7 sp=0x000000222866e3a0
Event: 1.215 Thread 0x0000016577c89170 DEOPT UNPACKING pc=0x000001655dfa1a02 sp=0x000000222866d798 mode 0
Event: 1.216 Thread 0x0000016577c89170 DEOPT PACKING pc=0x0000016556b7cc79 sp=0x000000222866e360
Event: 1.216 Thread 0x0000016577c89170 DEOPT UNPACKING pc=0x000001655dfa1a02 sp=0x000000222866d810 mode 0
Event: 1.237 Thread 0x0000016577c89170 DEOPT PACKING pc=0x0000016556b892a7 sp=0x000000222866e410
Event: 1.237 Thread 0x0000016577c89170 DEOPT UNPACKING pc=0x000001655dfa1a02 sp=0x000000222866d808 mode 0
Event: 1.237 Thread 0x0000016577c89170 DEOPT PACKING pc=0x0000016556b7cc79 sp=0x000000222866e360
Event: 1.237 Thread 0x0000016577c89170 DEOPT UNPACKING pc=0x000001655dfa1a02 sp=0x000000222866d810 mode 0
Event: 1.610 Thread 0x0000016577c89170 DEOPT PACKING pc=0x0000016556bcd1c5 sp=0x000000222866e280
Event: 1.610 Thread 0x0000016577c89170 DEOPT UNPACKING pc=0x000001655dfa1a02 sp=0x000000222866d720 mode 0
Event: 2.219 Thread 0x0000016577c89170 DEOPT PACKING pc=0x0000016556bfc674 sp=0x000000222866e3b0
Event: 2.219 Thread 0x0000016577c89170 DEOPT UNPACKING pc=0x000001655dfa1a02 sp=0x000000222866d898 mode 0
Event: 2.337 Thread 0x0000016577c89170 DEOPT PACKING pc=0x0000016556bfc674 sp=0x000000222866e3b0
Event: 2.337 Thread 0x0000016577c89170 DEOPT UNPACKING pc=0x000001655dfa1a02 sp=0x000000222866d898 mode 0

Classes loaded (20 events):
Event: 0.871 Loading class java/awt/image/ComponentColorModel
Event: 0.871 Loading class java/awt/image/ComponentColorModel done
Event: 0.871 Loading class java/awt/image/PixelInterleavedSampleModel
Event: 0.871 Loading class java/awt/image/ComponentSampleModel
Event: 0.871 Loading class java/awt/image/ComponentSampleModel done
Event: 0.871 Loading class java/awt/image/PixelInterleavedSampleModel done
Event: 0.871 Loading class javax/imageio/ImageTypeSpecifier$Packed
Event: 0.871 Loading class javax/imageio/ImageTypeSpecifier$Packed done
Event: 0.871 Loading class java/awt/image/DataBufferByte
Event: 0.871 Loading class java/awt/image/DataBufferByte done
Event: 0.871 Loading class sun/awt/image/ByteInterleavedRaster
Event: 0.871 Loading class sun/awt/image/ByteComponentRaster
Event: 0.871 Loading class sun/awt/image/ByteComponentRaster done
Event: 0.871 Loading class sun/awt/image/ByteInterleavedRaster done
Event: 0.872 Loading class sun/awt/image/ShortComponentRaster
Event: 0.872 Loading class sun/awt/image/ShortComponentRaster done
Event: 0.891 Loading class sun/java2d/loops/MaskBlit$General
Event: 0.891 Loading class sun/java2d/loops/GraphicsPrimitive$GeneralBinaryOp
Event: 0.891 Loading class sun/java2d/loops/GraphicsPrimitive$GeneralBinaryOp done
Event: 0.891 Loading class sun/java2d/loops/MaskBlit$General done

Classes unloaded (0 events):
No events

Classes redefined (0 events):
No events

Internal exceptions (20 events):
Event: 0.315 Thread 0x000001654b69dc80 Exception <a 'java/lang/NoSuchMethodError'{0x000000070178fda8}: 'long java.lang.invoke.DirectMethodHandle$Holder.invokeStaticInit(java.lang.Object, java.lang.Object)'> (0x000000070178fda8) 
thrown [s\src\hotspot\share\interpreter\linkResolver.cpp, line 804]
Event: 0.317 Thread 0x000001654b69dc80 Exception <a 'java/lang/NoSuchMethodError'{0x0000000701798898}: 'java.lang.Object java.lang.invoke.DirectMethodHandle$Holder.invokeStatic(java.lang.Object, long, java.lang.Object)'> (0x0000000701798898) 
thrown [s\src\hotspot\share\interpreter\linkResolver.cpp, line 804]
Event: 0.317 Thread 0x000001654b69dc80 Exception <a 'java/lang/NoSuchMethodError'{0x00000007017a09e8}: 'java.lang.Object java.lang.invoke.DirectMethodHandle$Holder.invokeStaticInit(java.lang.Object, long, java.lang.Object)'> (0x00000007017a09e8) 
thrown [s\src\hotspot\share\interpreter\linkResolver.cpp, line 804]
Event: 0.318 Thread 0x000001654b69dc80 Exception <a 'java/lang/NoSuchMethodError'{0x00000007017a8e60}: 'java.lang.Object java.lang.invoke.DirectMethodHandle$Holder.invokeStatic(java.lang.Object, long)'> (0x00000007017a8e60) 
thrown [s\src\hotspot\share\interpreter\linkResolver.cpp, line 804]
Event: 0.318 Thread 0x000001654b69dc80 Exception <a 'java/lang/NoSuchMethodError'{0x00000007017b1100}: 'java.lang.Object java.lang.invoke.DirectMethodHandle$Holder.invokeStaticInit(java.lang.Object, long)'> (0x00000007017b1100) 
thrown [s\src\hotspot\share\interpreter\linkResolver.cpp, line 804]
Event: 0.447 Thread 0x000001654b69dc80 Exception <a 'java/lang/NoSuchMethodError'{0x00000007017dd480}: 'void java.lang.invoke.DirectMethodHandle$Holder.invokeSpecial(java.lang.Object, java.lang.Object, java.lang.Object)'> (0x00000007017dd480) 
thrown [s\src\hotspot\share\interpreter\linkResolver.cpp, line 804]
Event: 0.456 Thread 0x000001654b69dc80 Exception <a 'java/lang/NoSuchMethodError'{0x000000070185ac48}: 'java.lang.Object java.lang.invoke.DirectMethodHandle$Holder.newInvokeSpecial(java.lang.Object, java.lang.Object, java.lang.Object, java.lang.Object, java.lang.Object)'> (0x000000070185ac48) 
thrown [s\src\hotspot\share\interpreter\linkResolver.cpp, line 804]
Event: 0.460 Thread 0x000001654b69dc80 Exception <a 'java/lang/NoSuchMethodError'{0x00000007018c3bb0}: 'java.lang.Object java.lang.invoke.DirectMethodHandle$Holder.invokeStatic(java.lang.Object, int, java.lang.Object)'> (0x00000007018c3bb0) 
thrown [s\src\hotspot\share\interpreter\linkResolver.cpp, line 804]
Event: 0.484 Thread 0x000001654b69dc80 Exception <a 'java/lang/ClassNotFoundException'{0x00000007018f5510}: com/sun/swing/internal/plaf/metal/resources/spi/metalProvider> (0x00000007018f5510) 
thrown [s\src\hotspot\share\classfile\systemDictionary.cpp, line 329]
Event: 0.485 Thread 0x000001654b69dc80 Exception <a 'java/lang/ClassNotFoundException'{0x00000007018f9368}: com/sun/swing/internal/plaf/basic/resources/spi/basicProvider> (0x00000007018f9368) 
thrown [s\src\hotspot\share\classfile\systemDictionary.cpp, line 329]
Event: 0.491 Thread 0x000001654b69dc80 Exception <a 'java/lang/NoSuchMethodError'{0x0000000701927f10}: 'int java.lang.invoke.Invokers$Holder.invokeExact_MT(java.lang.Object, java.lang.Object)'> (0x0000000701927f10) 
thrown [s\src\hotspot\share\interpreter\linkResolver.cpp, line 804]
Event: 0.507 Thread 0x000001656e6861f0 Exception <a 'java/lang/NoSuchMethodError'{0x0000000701999108}: 'void java.lang.invoke.DirectMethodHandle$Holder.invokeVirtual(java.lang.Object, java.lang.Object)'> (0x0000000701999108) 
thrown [s\src\hotspot\share\interpreter\linkResolver.cpp, line 804]
Event: 0.513 Thread 0x000001654b69dc80 Exception <a 'java/lang/NoSuchMethodError'{0x00000007019b6b78}: 'void java.lang.invoke.DirectMethodHandle$Holder.invokeStaticInit(java.lang.Object)'> (0x00000007019b6b78) 
thrown [s\src\hotspot\share\interpreter\linkResolver.cpp, line 804]
Event: 0.523 Thread 0x000001654b69dc80 Exception <a 'java/lang/NoSuchMethodError'{0x00000007019ec3d0}: 'long java.lang.invoke.DirectMethodHandle$Holder.invokeStaticInit(java.lang.Object, long, long, long, long)'> (0x00000007019ec3d0) 
thrown [s\src\hotspot\share\interpreter\linkResolver.cpp, line 804]
Event: 0.523 Thread 0x000001654b69dc80 Exception <a 'java/lang/NoSuchMethodError'{0x00000007019f5098}: 'java.lang.Object java.lang.invoke.DirectMethodHandle$Holder.invokeInterface(java.lang.Object, java.lang.Object, long, long)'> (0x00000007019f5098) 
thrown [s\src\hotspot\share\interpreter\linkResolver.cpp, line 804]
Event: 0.525 Thread 0x000001654b69dc80 Exception <a 'java/lang/NoSuchMethodError'{0x000000070180f048}: 'void java.lang.invoke.DirectMethodHandle$Holder.invokeStaticInit(java.lang.Object, java.lang.Object, long, java.lang.Object)'> (0x000000070180f048) 
thrown [s\src\hotspot\share\interpreter\linkResolver.cpp, line 804]
Event: 0.525 Thread 0x000001654b69dc80 Exception <a 'java/lang/NoSuchMethodError'{0x0000000701817ee0}: 'long java.lang.invoke.DirectMethodHandle$Holder.invokeStatic(java.lang.Object, long, long)'> (0x0000000701817ee0) 
thrown [s\src\hotspot\share\interpreter\linkResolver.cpp, line 804]
Event: 0.527 Thread 0x000001654b69dc80 Exception <a 'java/lang/NoSuchMethodError'{0x000000070183a930}: 'java.lang.Object java.lang.invoke.DirectMethodHandle$Holder.newInvokeSpecial(java.lang.Object, int, java.lang.Object)'> (0x000000070183a930) 
thrown [s\src\hotspot\share\interpreter\linkResolver.cpp, line 804]
Event: 0.715 Thread 0x0000016577c89170 Exception <a 'java/lang/NoSuchMethodError'{0x000000070191d018}: 'float java.lang.invoke.DelegatingMethodHandle$Holder.reinvoke_L(java.lang.Object, java.lang.Object, java.lang.Object, long)'> (0x000000070191d018) 
thrown [s\src\hotspot\share\interpreter\linkResolver.cpp, line 804]
Event: 0.717 Thread 0x0000016577c89170 Exception <a 'java/lang/NoSuchMethodError'{0x00000007019365e8}: 'java.lang.Object java.lang.invoke.DirectMethodHandle$Holder.invokeStatic(java.lang.Object, java.lang.Object, java.lang.Object, java.lang.Object, long)'> (0x00000007019365e8) 
thrown [s\src\hotspot\share\interpreter\linkResolver.cpp, line 804]

VM Operations (20 events):
Event: 1.060 Executing safepoint VM operation: G1CollectForAllocation (G1 Evacuation Pause)
Event: 1.061 Executing safepoint VM operation: G1CollectForAllocation (G1 Evacuation Pause) done
Event: 1.073 Executing safepoint VM operation: G1CollectForAllocation (G1 Evacuation Pause)
Event: 1.076 Executing safepoint VM operation: G1CollectForAllocation (G1 Evacuation Pause) done
Event: 1.096 Executing safepoint VM operation: G1CollectForAllocation (G1 Evacuation Pause)
Event: 1.098 Executing safepoint VM operation: G1CollectForAllocation (G1 Evacuation Pause) done
Event: 1.346 Executing safepoint VM operation: G1CollectForAllocation (G1 Evacuation Pause)
Event: 1.348 Executing safepoint VM operation: G1CollectForAllocation (G1 Evacuation Pause) done
Event: 1.579 Executing safepoint VM operation: G1CollectForAllocation (G1 Evacuation Pause)
Event: 1.581 Executing safepoint VM operation: G1CollectForAllocation (G1 Evacuation Pause) done
Event: 1.807 Executing safepoint VM operation: G1CollectForAllocation (G1 Evacuation Pause)
Event: 1.808 Executing safepoint VM operation: G1CollectForAllocation (G1 Evacuation Pause) done
Event: 2.043 Executing safepoint VM operation: G1CollectForAllocation (G1 Evacuation Pause)
Event: 2.046 Executing safepoint VM operation: G1CollectForAllocation (G1 Evacuation Pause) done
Event: 2.278 Executing safepoint VM operation: G1CollectForAllocation (G1 Evacuation Pause)
Event: 2.281 Executing safepoint VM operation: G1CollectForAllocation (G1 Evacuation Pause) done
Event: 2.516 Executing safepoint VM operation: G1CollectForAllocation (G1 Evacuation Pause)
Event: 2.518 Executing safepoint VM operation: G1CollectForAllocation (G1 Evacuation Pause) done
Event: 2.748 Executing safepoint VM operation: G1CollectForAllocation (G1 Evacuation Pause)
Event: 2.750 Executing safepoint VM operation: G1CollectForAllocation (G1 Evacuation Pause) done

Memory protections (0 events):
No events

Nmethod flushes (20 events):
Event: 1.053 Thread 0x000001656e3297a0 flushing  nmethod 0x0000016556a11f88
Event: 1.053 Thread 0x000001656e3297a0 flushing  nmethod 0x0000016556a12f88
Event: 1.053 Thread 0x000001656e3297a0 flushing  nmethod 0x0000016556a13288
Event: 1.053 Thread 0x000001656e3297a0 flushing  nmethod 0x0000016556a15988
Event: 1.053 Thread 0x000001656e3297a0 flushing  nmethod 0x0000016556a3e088
Event: 1.053 Thread 0x000001656e3297a0 flushing  nmethod 0x0000016556a3e908
Event: 1.053 Thread 0x000001656e3297a0 flushing  nmethod 0x0000016556a40188
Event: 1.053 Thread 0x000001656e3297a0 flushing  nmethod 0x0000016556a40488
Event: 1.053 Thread 0x000001656e3297a0 flushing  nmethod 0x0000016556a40e88
Event: 1.053 Thread 0x000001656e3297a0 flushing  nmethod 0x0000016556a41e08
Event: 1.053 Thread 0x000001656e3297a0 flushing  nmethod 0x0000016556a42608
Event: 1.053 Thread 0x000001656e3297a0 flushing  nmethod 0x0000016556aee188
Event: 1.053 Thread 0x000001656e3297a0 flushing  nmethod 0x0000016556af8908
Event: 1.053 Thread 0x000001656e3297a0 flushing  nmethod 0x0000016556af9288
Event: 1.053 Thread 0x000001656e3297a0 flushing  nmethod 0x0000016556af6888
Event: 1.053 Thread 0x000001656e3297a0 flushing  nmethod 0x0000016556af8588
Event: 1.053 Thread 0x000001656e3297a0 flushing  nmethod 0x0000016556b2d488
Event: 1.053 Thread 0x000001656e3297a0 flushing  nmethod 0x0000016556b2d788
Event: 1.053 Thread 0x000001656e3297a0 flushing  nmethod 0x0000016556b2dd88
Event: 1.053 Thread 0x000001656e3297a0 flushing  nmethod 0x0000016556b2e788

Events (20 events):
Event: 0.066 Thread 0x000001654b69dc80 Thread added: 0x000001656e3492a0
Event: 0.125 Thread 0x000001654b69dc80 Thread added: 0x000001656e347360
Event: 0.126 Thread 0x000001654b69dc80 Thread added: 0x000001656e687960
Event: 0.126 Thread 0x000001654b69dc80 Thread added: 0x000001656e6861f0
Event: 0.137 Thread 0x000001654b69dc80 Thread added: 0x000001656e685250
Event: 0.313 Thread 0x000001656e369da0 Thread exited: 0x000001656e369da0
Event: 0.509 Thread 0x000001656e6861f0 Thread added: 0x0000016577c89170
Event: 0.565 Thread 0x000001654b69dc80 Thread added: 0x0000016577c8a110
Event: 0.566 Thread 0x000001654b69dc80 Thread exited: 0x000001654b69dc80
Event: 0.566 Thread 0x0000016577c8b880 Thread added: 0x0000016577c8b880
Event: 0.702 Thread 0x0000016577c89170 Thread added: 0x0000016577e4b2a0
Event: 0.832 Thread 0x0000016577c8a110 Thread added: 0x0000016577e4f120
Event: 1.113 Thread 0x000001656e36a5b0 Thread added: 0x0000016573537da0
Event: 2.058 Thread 0x0000016573537da0 Thread exited: 0x0000016573537da0
Event: 2.912 Thread 0x0000016577c89170 Thread added: 0x0000016578084660
Event: 2.912 Thread 0x0000016577c89170 Thread added: 0x0000016578083e90
Event: 2.912 Thread 0x0000016577c89170 Thread added: 0x00000165780836c0
Event: 2.912 Thread 0x0000016578084660 Thread exited: 0x0000016578084660
Event: 2.912 Thread 0x00000165780836c0 Thread exited: 0x00000165780836c0
Event: 2.913 Thread 0x0000016577e4b2a0 Thread exited: 0x0000016577e4b2a0


Dynamic libraries:
0x00007ff7f7b10000 - 0x00007ff7f7b1e000 	C:\Program Files\Apache NetBeans\jdk\bin\java.exe
0x00007ff9a7080000 - 0x00007ff9a72e7000 	C:\WINDOWS\SYSTEM32\ntdll.dll
0x00007ff9a67d0000 - 0x00007ff9a689b000 	C:\WINDOWS\System32\KERNEL32.DLL
0x00007ff9a4990000 - 0x00007ff9a4d92000 	C:\WINDOWS\System32\KERNELBASE.dll
0x00007ff9a46a0000 - 0x00007ff9a47ec000 	C:\WINDOWS\System32\ucrtbase.dll
0x00007ff983300000 - 0x00007ff983317000 	C:\Program Files\Apache NetBeans\jdk\bin\jli.dll
0x00007ff989800000 - 0x00007ff98981e000 	C:\Program Files\Apache NetBeans\jdk\bin\VCRUNTIME140.dll
0x00007ff9a5f90000 - 0x00007ff9a615f000 	C:\WINDOWS\System32\USER32.dll
0x00007ff9a4280000 - 0x00007ff9a42a7000 	C:\WINDOWS\System32\win32u.dll
0x00007ff983680000 - 0x00007ff983910000 	C:\WINDOWS\WinSxS\amd64_microsoft.windows.common-controls_6595b64144ccf1df_6.0.26100.9278_none_3e0d1ba8e3303201\COMCTL32.dll
0x00007ff9a6b60000 - 0x00007ff9a6b8b000 	C:\WINDOWS\System32\GDI32.dll
0x00007ff9a6a10000 - 0x00007ff9a6ab9000 	C:\WINDOWS\System32\msvcrt.dll
0x00007ff9a4370000 - 0x00007ff9a4499000 	C:\WINDOWS\System32\gdi32full.dll
0x00007ff9a45f0000 - 0x00007ff9a4693000 	C:\WINDOWS\System32\msvcp_win.dll
0x00007ff9a6c50000 - 0x00007ff9a6c81000 	C:\WINDOWS\System32\IMM32.DLL
0x00007ff9a1100000 - 0x00007ff9a110c000 	C:\Program Files\Apache NetBeans\jdk\bin\vcruntime140_1.dll
0x00007ff973d80000 - 0x00007ff973e0d000 	C:\Program Files\Apache NetBeans\jdk\bin\msvcp140.dll
0x00007ff911e50000 - 0x00007ff912de9000 	C:\Program Files\Apache NetBeans\jdk\bin\server\jvm.dll
0x00007ff9a4da0000 - 0x00007ff9a4e5c000 	C:\WINDOWS\System32\ADVAPI32.dll
0x00007ff9a57f0000 - 0x00007ff9a5899000 	C:\WINDOWS\System32\sechost.dll
0x00007ff9a5c70000 - 0x00007ff9a5d88000 	C:\WINDOWS\System32\RPCRT4.dll
0x00007ff9a5a40000 - 0x00007ff9a5ac0000 	C:\WINDOWS\System32\WS2_32.dll
0x00007ff9a4030000 - 0x00007ff9a408e000 	C:\WINDOWS\SYSTEM32\POWRPROF.dll
0x00007ff99d760000 - 0x00007ff99d76b000 	C:\WINDOWS\SYSTEM32\VERSION.dll
0x00007ff9955d0000 - 0x00007ff995606000 	C:\WINDOWS\SYSTEM32\WINMM.dll
0x00007ff9a4010000 - 0x00007ff9a4025000 	C:\WINDOWS\SYSTEM32\UMPDC.dll
0x00007ff9a2f10000 - 0x00007ff9a2f2b000 	C:\WINDOWS\SYSTEM32\kernel.appcore.dll
0x00007ff99ef10000 - 0x00007ff99ef1a000 	C:\Program Files\Apache NetBeans\jdk\bin\jimage.dll
0x00007ff98c200000 - 0x00007ff98c44c000 	C:\WINDOWS\SYSTEM32\DBGHELP.DLL
0x00007ff9a6c90000 - 0x00007ff9a7015000 	C:\WINDOWS\System32\combase.dll
0x00007ff9a4e70000 - 0x00007ff9a4f49000 	C:\WINDOWS\System32\OLEAUT32.dll
0x00007ff9760b0000 - 0x00007ff9760eb000 	C:\WINDOWS\SYSTEM32\dbgcore.DLL
0x00007ff9a42b0000 - 0x00007ff9a435c000 	C:\WINDOWS\System32\bcryptPrimitives.dll
0x00007ff985db0000 - 0x00007ff985dce000 	C:\Program Files\Apache NetBeans\jdk\bin\java.dll
0x00007ff9a58a0000 - 0x00007ff9a5a3a000 	C:\WINDOWS\System32\ole32.dll
0x00007ff9a4f50000 - 0x00007ff9a56e8000 	C:\WINDOWS\System32\SHELL32.dll
0x00007ff9a1cc0000 - 0x00007ff9a256e000 	C:\WINDOWS\SYSTEM32\windows.storage.dll
0x00007ff9a6650000 - 0x00007ff9a674b000 	C:\WINDOWS\System32\SHCORE.dll
0x00007ff9a6760000 - 0x00007ff9a67c6000 	C:\WINDOWS\System32\shlwapi.dll
0x00007ff9a41a0000 - 0x00007ff9a41c9000 	C:\WINDOWS\SYSTEM32\profapi.dll
0x00007ff980400000 - 0x00007ff980411000 	C:\Program Files\Apache NetBeans\jdk\bin\net.dll
0x00007ff9a34b0000 - 0x00007ff9a351c000 	C:\WINDOWS\system32\mswsock.dll
0x00007ff97c330000 - 0x00007ff97c346000 	C:\Program Files\Apache NetBeans\jdk\bin\nio.dll
0x00007ff9832e0000 - 0x00007ff9832f7000 	C:\Program Files\Apache NetBeans\jdk\bin\zip.dll
0x00007ff927420000 - 0x00007ff9275a2000 	C:\Program Files\Apache NetBeans\jdk\bin\awt.dll
0x00007ff9a1280000 - 0x00007ff9a131f000 	C:\WINDOWS\SYSTEM32\apphelp.dll
0x00007ff9a1360000 - 0x00007ff9a1408000 	C:\WINDOWS\system32\uxtheme.dll
0x00007ff9a5b00000 - 0x00007ff9a5c5b000 	C:\WINDOWS\System32\MSCTF.dll
0x00007ff9a15f0000 - 0x00007ff9a161f000 	C:\WINDOWS\system32\DWMAPI.DLL
0x00007ff927300000 - 0x00007ff92740c000 	C:\WINDOWS\system32\opengl32.dll
0x00007ff975d90000 - 0x00007ff975dbd000 	C:\WINDOWS\SYSTEM32\GLU32.dll
0x00007ff9a1440000 - 0x00007ff9a1484000 	C:\WINDOWS\SYSTEM32\dxcore.dll
0x00007ff9a3940000 - 0x00007ff9a3953000 	C:\WINDOWS\SYSTEM32\msasn1.dll
0x00007ff99d4d0000 - 0x00007ff99d50b000 	C:\WINDOWS\SYSTEM32\cryptnet.dll
0x00007ff9a4800000 - 0x00007ff9a497e000 	C:\WINDOWS\System32\CRYPT32.dll
0x00007ff9a3710000 - 0x00007ff9a371c000 	C:\WINDOWS\SYSTEM32\cryptbase.dll
0x00007ff9a37d0000 - 0x00007ff9a383a000 	C:\WINDOWS\SYSTEM32\wldp.dll
0x00007ff99d350000 - 0x00007ff99d4ca000 	C:\WINDOWS\SYSTEM32\drvstore.dll
0x00007ff9a3e10000 - 0x00007ff9a3e3f000 	C:\WINDOWS\SYSTEM32\devobj.dll
0x00007ff9a3e50000 - 0x00007ff9a3ea2000 	C:\WINDOWS\SYSTEM32\cfgmgr32.dll
0x00007ff9a44a0000 - 0x00007ff9a4522000 	C:\WINDOWS\System32\wintrust.dll
0x00007ff9a5ad0000 - 0x00007ff9a5af0000 	C:\WINDOWS\System32\imagehlp.dll
0x00007ff9a38d0000 - 0x00007ff9a38eb000 	C:\WINDOWS\SYSTEM32\CRYPTSP.dll
0x00007ff9a2e70000 - 0x00007ff9a2ea9000 	C:\WINDOWS\system32\rsaenh.dll
0x00007ff9a4170000 - 0x00007ff9a419a000 	C:\WINDOWS\SYSTEM32\bcrypt.dll
0x00007ff97c370000 - 0x00007ff97c4dd000 	C:\WINDOWS\system32\nvspcap64.dll
0x00007ff9a3040000 - 0x00007ff9a3076000 	C:\WINDOWS\SYSTEM32\ntmarta.dll
0x00007ff9a3530000 - 0x00007ff9a3555000 	C:\WINDOWS\SYSTEM32\gpapi.dll
0x00007ff9721b0000 - 0x00007ff9728d7000 	C:\WINDOWS\System32\DriverStore\FileRepository\nv_dispi.inf_amd64_da865124972e1f80\nvppex.dll
0x00007ff973cf0000 - 0x00007ff973d7b000 	C:\Program Files\Apache NetBeans\jdk\bin\freetype.dll
0x00007ff95a620000 - 0x00007ff95a70e000 	C:\Program Files\Apache NetBeans\jdk\bin\fontmanager.dll
0x00007ff980c00000 - 0x00007ff980d42000 	C:\WINDOWS\SYSTEM32\textinputframework.dll
0x00007ff9833e0000 - 0x00007ff983455000 	C:\WINDOWS\system32\Oleacc.dll
0x00007ff9a0e30000 - 0x00007ff9a0f5b000 	C:\WINDOWS\SYSTEM32\CoreMessaging.dll
0x000000006f5e0000 - 0x000000006f71a000 	C:\Users\driog\AppData\Local\Temp\jnigen\1044091258\sdl2gdx64.dll
0x00007ff9a6170000 - 0x00007ff9a65f7000 	C:\WINDOWS\System32\SETUPAPI.dll
0x00007ff99e330000 - 0x00007ff99e614000 	C:\WINDOWS\SYSTEM32\CoreUIComponents.dll
0x00007ff99e0f0000 - 0x00007ff99e25a000 	C:\WINDOWS\SYSTEM32\wintypes.dll
0x00007ff9a2580000 - 0x00007ff9a258f000 	C:\WINDOWS\SYSTEM32\hid.dll
0x00007ff9a6b90000 - 0x00007ff9a6c3e000 	C:\WINDOWS\System32\clbcatq.dll
0x00007ff94e670000 - 0x00007ff94e6bb000 	C:\Windows\System32\dinput8.dll
0x00007ff97edf0000 - 0x00007ff97efd3000 	C:\WINDOWS\SYSTEM32\inputhost.dll
0x00007ff951e70000 - 0x00007ff951e8b000 	C:\WINDOWS\SYSTEM32\XInput1_4.dll
0x00007ff994810000 - 0x00007ff994856000 	C:\Windows\System32\deviceaccess.dll
0x00007ff97f4d0000 - 0x00007ff97f5cb000 	C:\WINDOWS\SYSTEM32\TextShaping.dll

JVMTI agents: none

dbghelp: loaded successfully - version: 4.0.5 - missing functions: none
symbol engine: initialized successfully - sym options: 0x614 - pdb path: .;C:\Program Files\Apache NetBeans\jdk\bin;C:\WINDOWS\SYSTEM32;C:\WINDOWS\WinSxS\amd64_microsoft.windows.common-controls_6595b64144ccf1df_6.0.26100.9278_none_3e0d1ba8e3303201;C:\Program Files\Apache NetBeans\jdk\bin\server;C:\WINDOWS\System32\DriverStore\FileRepository\nv_dispi.inf_amd64_da865124972e1f80;C:\Users\driog\AppData\Local\Temp\jnigen\1044091258

VM Arguments:
jvm_args: -Dfile.encoding=UTF-8 --enable-native-access=ALL-UNNAMED --module-path=C:\Users\driog\Desktop\HoraDoRush\build\classes 
java_command: br.com.HoraDoRush.engine.Main
java_class_path (initial): C:\Users\driog\Desktop\HoraDoRush\lib\AlgoritmosEstruturasDeDados\AlgoritmosEstruturasDeDados.jar;C:\Users\driog\Desktop\HoraDoRush\lib\JSGE-Latest\JSGE-v1.9.1-bin.jar;C:\Users\driog\Desktop\HoraDoRush\lib\JSGE-Latest\commons-io-2.17.0.jar;C:\Users\driog\Desktop\HoraDoRush\lib\JSGE-Latest\jaudiotagger-2.2.7.jar;C:\Users\driog\Desktop\HoraDoRush\lib\JSGE-Latest\java-stream-player-10.0.2.jar;C:\Users\driog\Desktop\HoraDoRush\lib\JSGE-Latest\java-vorbis-support-1.2.1.jar;C:\Users\driog\Desktop\HoraDoRush\lib\JSGE-Latest\jflac-codec-1.5.2.jar;C:\Users\driog\Desktop\HoraDoRush\lib\JSGE-Latest\jlayer-1.0.1.4.jar;C:\Users\driog\Desktop\HoraDoRush\lib\JSGE-Latest\jorbis-0.0.17.4.jar;C:\Users\driog\Desktop\HoraDoRush\lib\JSGE-Latest\mp3spi-1.9.5.4.jar;C:\Users\driog\Desktop\HoraDoRush\lib\JSGE-Latest\tritonus-all-0.3.7.2.jar;C:\Users\driog\Desktop\HoraDoRush\lib\JSGE-Latest\sdl2gdx-1.0.5.jar;C:\Users\driog\Desktop\HoraDoRush\build\classes
Launcher Type: SUN_STANDARD

[Global flags]
     bool AOTAdapterCaching                        = false                                  {diagnostic} {ergonomic}
     bool AOTInvokeDynamicLinking                  = false                                  {diagnostic} {ergonomic}
     bool AOTRecordTraining                        = false                                  {diagnostic} {ergonomic}
     bool AOTReplayTraining                        = false                                  {diagnostic} {ergonomic}
     bool AOTStubCaching                           = false                                  {diagnostic} {ergonomic}
     intx CICompilerCount                          = 4                                         {product} {ergonomic}
     uint ConcGCThreads                            = 3                                         {product} {ergonomic}
     uint G1ConcRefinementThreads                  = 10                                        {product} {ergonomic}
     uint G1EagerReclaimRemSetThreshold            = 16                                   {experimental} {ergonomic}
   size_t G1HeapRegionSize                         = 2097152                                   {product} {ergonomic}
     uint G1RemSetArrayOfCardsEntries              = 16                                   {experimental} {ergonomic}
     uint G1RemSetHowlMaxNumBuckets                = 8                                    {experimental} {ergonomic}
     uint G1RemSetHowlNumBuckets                   = 8                                    {experimental} {ergonomic}
   size_t InitialHeapSize                          = 8388608                                   {product} {ergonomic}
     bool IntelJccErratumMitigation                = true                              {ARCH diagnostic} {ergonomic}
   size_t MarkStackSize                            = 4194304                                   {product} {ergonomic}
   size_t MarkStackSizeMax                         = 536870912                                 {product} {ergonomic}
   size_t MaxHeapSize                              = 4276092928                                {product} {ergonomic}
   size_t MaxNewSize                               = 2564816896                                {product} {ergonomic}
 uint64_t MaxRAM                                   = 17103753216                               {product} {ergonomic}
   size_t MinHeapDeltaBytes                        = 2097152                                   {product} {ergonomic}
   size_t MinHeapSize                              = 8388608                                   {product} {ergonomic}
   size_t NonNMethodCodeHeapSize                   = 5898240                                {pd product} {ergonomic}
   size_t NonProfiledCodeHeapSize                  = 122945536                              {pd product} {ergonomic}
   size_t ProfiledCodeHeapSize                     = 122945536                              {pd product} {ergonomic}
   size_t ReservedCodeCacheSize                    = 251789312                              {pd product} {ergonomic}
     bool SegmentedCodeCache                       = true                                      {product} {ergonomic}
   size_t SoftMaxHeapSize                          = 4276092928                             {manageable} {ergonomic}
     bool UseCompressedOops                        = true                           {product lp64_product} {ergonomic}
     bool UseCondCardMark                          = true                                      {product} {ergonomic}
     bool UseFastUnorderedTimeStamps               = true                                 {experimental} {ergonomic}
     bool UseG1GC                                  = true                                      {product} {ergonomic}
     bool UseLargePagesIndividualAllocation        = false                                  {pd product} {ergonomic}
      int X86ICacheSync                            = 2                                 {ARCH diagnostic} {ergonomic}

Logging:
Log output configuration:
 #0: stdout all=warning uptime,level,tags foldmultilines=false
 #1: stderr all=off uptime,level,tags foldmultilines=false

Release file:
IMPLEMENTOR="Eclipse Adoptium" 
IMPLEMENTOR_VERSION="Temurin-26.0.1+8" 
JAVA_RUNTIME_VERSION="26.0.1+8" 
JAVA_VERSION="26.0.1" 
JAVA_VERSION_DATE="2026-04-21" 
LIBC="default" 
MODULES="java.base java.compiler java.datatransfer java.xml java.prefs java.desktop java.instrument java.logging java.management java.security.sasl java.naming java.rmi java.management.rmi java.net.http java.scripting java.security.jgss java.transaction.xa java.sql java.sql.rowset java.xml.crypto java.se java.smartcardio jdk.accessibility jdk.internal.jvmstat jdk.attach jdk.charsets jdk.internal.opt jdk.zipfs jdk.compiler jdk.crypto.cryptoki jdk.crypto.ec jdk.crypto.mscapi jdk.dynalink jdk.internal.ed jdk.editpad jdk.internal.vm.ci jdk.graal.compiler jdk.graal.compiler.management jdk.hotspot.agent jdk.httpserver jdk.incubator.vector jdk.internal.le jdk.internal.md jdk.jartool jdk.javadoc jdk.jcmd jdk.management jdk.management.agent jdk.jconsole jdk.jdeps jdk.jdwp.agent jdk.jdi jdk.jfr jdk.jlink jdk.jpackage jdk.jshell jdk.jstatd jdk.localedata jdk.management.jfr jdk.naming.dns jdk.naming.rmi jdk.net jdk.nio.mapmode jdk.sctp jdk.security.auth jdk.security.jgss jdk.unsupported jdk.unsupported.desktop jdk.xml.dom" 
OS_ARCH="x86_64" 
OS_NAME="Windows" 
SOURCE=".:git:1cafccec39fb" 
BUILD_SOURCE="git:a612825ee82a20ac872d60958c349854c1f29a8e"
BUILD_SOURCE_REPO="https://github.com/adoptium/temurin-build.git"
SOURCE_REPO="https://github.com/adoptium/jdk26u.git"
FULL_VERSION="26.0.1+8"
SEMANTIC_VERSION="26.0.1+8"
BUILD_INFO="OS: Windows Server 2022 Version: 10.0"
JVM_VARIANT="Hotspot"
JVM_VERSION="26.0.1+8"
IMAGE_TYPE="JDK"

Environment Variables:
PATH=C:\Program Files\Common Files\Oracle\Java\javapath;C:\WINDOWS\system32;C:\WINDOWS;C:\WINDOWS\System32\Wbem;C:\WINDOWS\System32\WindowsPowerShell\v1.0\;C:\WINDOWS\System32\OpenSSH\;C:\Program Files\NVIDIA Corporation\NVIDIA App\NvDLISR;C:\Program Files (x86)\NVIDIA Corporation\PhysX\Common;C:\Program Files\Git\cmd;C:\Program Files\nodejs\;C:\Program Files\Elixir\bin;C:\Program Files\Erlang OTP\bin;C:\Users\driog\AppData\Local\Microsoft\WindowsApps;C:\Users\driog\AppData\Local\Programs\Microsoft VS Code\bin;C:\Users\driog\AppData\Local\GitHubDesktop\bin;C:\msys64\ucrt64\bin;;C:\Users\driog\AppData\Local\spicetify;D:\IntelliJ IDEA Community Edition 2025.2\bin;C:\Users\driog\AppData\Local\Microsoft\WindowsApps;C:\Users\driog\AppData\Roaming\npm;C:\Users\driog\AppData\Local\Python\bin;D:\IntelliJ IDEA 2026.2.3\bin;C:\Program Files\Apache NetBeans\bin\
USERNAME=driog
OS=Windows_NT
PROCESSOR_IDENTIFIER=Intel64 Family 6 Model 165 Stepping 3, GenuineIntel
TMP=C:\Users\driog\AppData\Local\Temp
TEMP=C:\Users\driog\AppData\Local\Temp




Compilation memory statistics disabled.

Periodic native trim disabled

---------------  S Y S T E M  ---------------

OS:
 Windows 11 , 64 bit Build 26100 (10.0.26100.9444)
OS uptime: 0 days 0:50 hours
Hyper-V role detected

CPU: total 12 (initial active 12) (6 cores per cpu, 2 threads per core) family 6 model 165 stepping 3 microcode 0xe0, cx8, cmov, fxsr, ht, mmx, 3dnowpref, sse, sse2, sse3, ssse3, sse4.1, sse4.2, popcnt, lzcnt, tsc, tscinvbit, avx, avx2, aes, erms, clmul, bmi1, bmi2, adx, fma, vzeroupper, clflush, clflushopt, hv, rdtscp, f16c
Processor Information for the first 12 processors :
  Max Mhz: 2901, Current Mhz: 2901, Mhz Limit: 2901

Memory: 4k page, system-wide physical 16311M (7085M free)
TotalPageFile size 22711M (AvailPageFile size 11560M)
current process WorkingSet (physical memory assigned to process): 295M, peak: 393M
current process commit charge ("private bytes"): 464M, peak: 568M

vm_info: OpenJDK 64-Bit Server VM (26.0.1+8) for windows-amd64 JRE (26.0.1+8), built on 2026-04-21T00:00:00Z with MS VC++ 17.12 (VS2022)

END.
